Archive member included because of file (symbol)

/usr/lib/x86_64-linux-gnu/libc_nonshared.a(elf-init.oS)
                              /usr/lib/gcc/x86_64-linux-gnu/4.6/../../../x86_64-linux-gnu/crt1.o (__libc_csu_init)

Discarded input sections

 .note.GNU-stack
                0x0000000000000000        0x0 /usr/lib/gcc/x86_64-linux-gnu/4.6/../../../x86_64-linux-gnu/crt1.o
 .gnu_debuglink
                0x0000000000000000        0xc /usr/lib/gcc/x86_64-linux-gnu/4.6/../../../x86_64-linux-gnu/crt1.o
 .note.GNU-stack
                0x0000000000000000        0x0 /usr/lib/gcc/x86_64-linux-gnu/4.6/../../../x86_64-linux-gnu/crti.o
 .gnu_debuglink
                0x0000000000000000        0xc /usr/lib/gcc/x86_64-linux-gnu/4.6/../../../x86_64-linux-gnu/crti.o
 .note.GNU-stack
                0x0000000000000000        0x0 /usr/lib/gcc/x86_64-linux-gnu/4.6/crtbegin.o
 .group         0x0000000000000000        0x8 build/GTest/GNU-Linux-x86/Audio/src/CAudioOut.o
 .group         0x0000000000000000        0x8 build/GTest/GNU-Linux-x86/Audio/src/CAudioOut.o
 .group         0x0000000000000000        0x8 build/GTest/GNU-Linux-x86/Audio/src/CAudioOut.o
 .group         0x0000000000000000        0x8 build/GTest/GNU-Linux-x86/Audio/src/CAudioOut.o
 .group         0x0000000000000000        0x8 build/GTest/GNU-Linux-x86/Audio/src/CAudioOut.o
 .group         0x0000000000000000        0x8 build/GTest/GNU-Linux-x86/Audio/src/CAudioOut.o
 .group         0x0000000000000000        0x8 build/GTest/GNU-Linux-x86/Audio/src/CAudioOut.o
 .group         0x0000000000000000        0x8 build/GTest/GNU-Linux-x86/Audio/src/CAudioOut.o
 .group         0x0000000000000000        0x8 build/GTest/GNU-Linux-x86/Audio/src/CAudioOut.o
 .group         0x0000000000000000        0x8 build/GTest/GNU-Linux-x86/Audio/src/CAudioOut.o
 .group         0x0000000000000000        0x8 build/GTest/GNU-Linux-x86/Audio/src/CAudioOut.o
 .group         0x0000000000000000        0x8 build/GTest/GNU-Linux-x86/Audio/src/CAudioOut.o
 .group         0x0000000000000000        0x8 build/GTest/GNU-Linux-x86/Audio/src/CAudioOut.o
 .group         0x0000000000000000        0x8 build/GTest/GNU-Linux-x86/Audio/src/CAudioOut.o
 .group         0x0000000000000000        0x8 build/GTest/GNU-Linux-x86/Audio/src/CAudioOut.o
 .note.GNU-stack
                0x0000000000000000        0x0 build/GTest/GNU-Linux-x86/Audio/src/CAudioOut.o
 .group         0x0000000000000000        0x8 build/GTest/GNU-Linux-x86/RadioProtocols/File/src/CFileStrategy.o
 .group         0x0000000000000000        0xc build/GTest/GNU-Linux-x86/RadioProtocols/File/src/CFileStrategy.o
 .group         0x0000000000000000        0x8 build/GTest/GNU-Linux-x86/RadioProtocols/File/src/CFileStrategy.o
 .group         0x0000000000000000        0x8 build/GTest/GNU-Linux-x86/RadioProtocols/File/src/CFileStrategy.o
 .group         0x0000000000000000        0xc build/GTest/GNU-Linux-x86/RadioProtocols/File/src/CFileStrategy.o
 .group         0x0000000000000000        0x8 build/GTest/GNU-Linux-x86/RadioProtocols/File/src/CFileStrategy.o
 .group         0x0000000000000000        0x8 build/GTest/GNU-Linux-x86/RadioProtocols/File/src/CFileStrategy.o
 .group         0x0000000000000000        0x8 build/GTest/GNU-Linux-x86/RadioProtocols/File/src/CFileStrategy.o
 .group         0x0000000000000000        0x8 build/GTest/GNU-Linux-x86/RadioProtocols/File/src/CFileStrategy.o
 .group         0x0000000000000000        0xc build/GTest/GNU-Linux-x86/RadioProtocols/File/src/CFileStrategy.o
 .group         0x0000000000000000        0x8 build/GTest/GNU-Linux-x86/RadioProtocols/File/src/CFileStrategy.o
 .group         0x0000000000000000        0x8 build/GTest/GNU-Linux-x86/RadioProtocols/File/src/CFileStrategy.o
 .group         0x0000000000000000        0x8 build/GTest/GNU-Linux-x86/RadioProtocols/File/src/CFileStrategy.o
 .group         0x0000000000000000        0x8 build/GTest/GNU-Linux-x86/RadioProtocols/File/src/CFileStrategy.o
 .group         0x0000000000000000        0x8 build/GTest/GNU-Linux-x86/RadioProtocols/File/src/CFileStrategy.o
 .group         0x0000000000000000        0x8 build/GTest/GNU-Linux-x86/RadioProtocols/File/src/CFileStrategy.o
 .group         0x0000000000000000        0x8 build/GTest/GNU-Linux-x86/RadioProtocols/File/src/CFileStrategy.o
 .group         0x0000000000000000        0x8 build/GTest/GNU-Linux-x86/RadioProtocols/File/src/CFileStrategy.o
 .group         0x0000000000000000        0x8 build/GTest/GNU-Linux-x86/RadioProtocols/File/src/CFileStrategy.o
 .group         0x0000000000000000        0x8 build/GTest/GNU-Linux-x86/RadioProtocols/File/src/CFileStrategy.o
 .group         0x0000000000000000        0x8 build/GTest/GNU-Linux-x86/RadioProtocols/File/src/CFileStrategy.o
 .group         0x0000000000000000        0x8 build/GTest/GNU-Linux-x86/RadioProtocols/File/src/CFileStrategy.o
 .group         0x0000000000000000        0x8 build/GTest/GNU-Linux-x86/RadioProtocols/File/src/CFileStrategy.o
[...]
Memory Configuration

Name             Origin             Length             Attributes
*default*        0x0000000000000000 0xffffffffffffffff

Linker script and memory map

LOAD /usr/lib/gcc/x86_64-linux-gnu/4.6/../../../x86_64-linux-gnu/crt1.o
LOAD /usr/lib/gcc/x86_64-linux-gnu/4.6/../../../x86_64-linux-gnu/crti.o
LOAD /usr/lib/gcc/x86_64-linux-gnu/4.6/crtbegin.o
LOAD build/GTest/GNU-Linux-x86/Audio/src/CAudioOut.o
LOAD build/GTest/GNU-Linux-x86/RadioProtocols/File/src/CFileStrategy.o
LOAD build/GTest/GNU-Linux-x86/main.o
LOAD build/GTest/GNU-Linux-x86/RadioProtocols/Shoutcast/src/CShoutcastStrategy.o
LOAD build/GTest/GNU-Linux-x86/TcpIp/src/CTcpServer.o
LOAD build/GTest/GNU-Linux-x86/Http/src/CHttpClient.o
LOAD build/GTest/GNU-Linux-x86/Audio/src/CAudioHw.o
LOAD build/GTest/GNU-Linux-x86/DataReceiver/src/CDataReceiver.o
LOAD build/GTest/GNU-Linux-x86/TcpIp/src/CTcpClient.o
LOAD build/GTest/GNU-Linux-x86/RadioProtocols/File/src/COggContainer.o
LOAD build/GTest/GNU-Linux-x86/Audio/src/CAudioHwNotConfigured.o
LOAD /usr/lib/gcc/x86_64-linux-gnu/4.6/../../../x86_64-linux-gnu/libogg.so
LOAD ../../programmingResources/gtest/lib/.libs/libgtest.a
LOAD /usr/lib/gcc/x86_64-linux-gnu/4.6/libstdc++.so
LOAD /usr/lib/gcc/x86_64-linux-gnu/4.6/../../../x86_64-linux-gnu/libm.so
LOAD /usr/lib/gcc/x86_64-linux-gnu/4.6/libgcc_s.so
LOAD /usr/lib/gcc/x86_64-linux-gnu/4.6/libgcc.a
LOAD /usr/lib/gcc/x86_64-linux-gnu/4.6/../../../x86_64-linux-gnu/libc.so
START GROUP
LOAD /lib/x86_64-linux-gnu/libc.so.6
LOAD /usr/lib/x86_64-linux-gnu/libc_nonshared.a
LOAD /lib/x86_64-linux-gnu/ld-linux-x86-64.so.2
END GROUP
LOAD /usr/lib/gcc/x86_64-linux-gnu/4.6/libgcc_s.so
LOAD /usr/lib/gcc/x86_64-linux-gnu/4.6/libgcc.a
LOAD /usr/lib/gcc/x86_64-linux-gnu/4.6/crtend.o
LOAD /usr/lib/gcc/x86_64-linux-gnu/4.6/../../../x86_64-linux-gnu/crtn.o
                0x0000000000400000                PROVIDE (__executable_start, 0x400000)
                0x0000000000400238                . = (0x400000 + SIZEOF_HEADERS)

.interp         0x0000000000400238       0x1c
 *(.interp)
 .interp        0x0000000000400238       0x1c /usr/lib/gcc/x86_64-linux-gnu/4.6/../../../x86_64-linux-gnu/crt1.o

.note.ABI-tag   0x0000000000400254       0x20
 .note.ABI-tag  0x0000000000400254       0x20 /usr/lib/gcc/x86_64-linux-gnu/4.6/../../../x86_64-linux-gnu/crt1.o

.note.gnu.build-id
                0x0000000000400274       0x24
 *(.note.gnu.build-id)
 .note.gnu.build-id
                0x0000000000400274       0x24 /usr/lib/gcc/x86_64-linux-gnu/4.6/../../../x86_64-linux-gnu/crt1.o

.hash
 *(.hash)

.gnu.hash       0x0000000000400298       0x5c
 *(.gnu.hash)
 .gnu.hash      0x0000000000400298       0x5c /usr/lib/gcc/x86_64-linux-gnu/4.6/../../../x86_64-linux-gnu/crt1.o

.dynsym         0x00000000004002f8      0x528
 *(.dynsym)
 .dynsym        0x00000000004002f8      0x528 /usr/lib/gcc/x86_64-linux-gnu/4.6/../../../x86_64-linux-gnu/crt1.o

.dynstr         0x0000000000400820      0x4fa
 *(.dynstr)
 .dynstr        0x0000000000400820      0x4fa /usr/lib/gcc/x86_64-linux-gnu/4.6/../../../x86_64-linux-gnu/crt1.o

.gnu.version    0x0000000000400d1a       0x6e
 *(.gnu.version)
 .gnu.version   0x0000000000400d1a       0x6e /usr/lib/gcc/x86_64-linux-gnu/4.6/../../../x86_64-linux-gnu/crt1.o

.gnu.version_d  0x0000000000400d88        0x0
 *(.gnu.version_d)
 .gnu.version_d
                0x0000000000000000        0x0 /usr/lib/gcc/x86_64-linux-gnu/4.6/../../../x86_64-linux-gnu/crt1.o

.gnu.version_r  0x0000000000400d88       0x90
 *(.gnu.version_r)
 .gnu.version_r
                0x0000000000400d88       0x90 /usr/lib/gcc/x86_64-linux-gnu/4.6/../../../x86_64-linux-gnu/crt1.o

.rela.dyn       0x0000000000400e18       0x60
 *(.rela.init)
 *(.rela.text .rela.text.* .rela.gnu.linkonce.t.*)
 .rela.text     0x0000000000000000        0x0 /usr/lib/gcc/x86_64-linux-gnu/4.6/../../../x86_64-linux-gnu/crt1.o
 .rela.text._ZN6eradio11SCircBufferIjED2Ev
                0x0000000000000000        0x0 /usr/lib/gcc/x86_64-linux-gnu/4.6/../../../x86_64-linux-gnu/crt1.o
 .rela.text._ZN5boost12shared_arrayIjEC2ERS1_
                0x0000000000000000        0x0 /usr/lib/gcc/x86_64-linux-gnu/4.6/../../../x86_64-linux-gnu/crt1.o
 .rela.text._ZN5boost12shared_arrayIjED2Ev
                0x0000000000000000        0x0 /usr/lib/gcc/x86_64-linux-gnu/4.6/../../../x86_64-linux-gnu/crt1.o
 .rela.text._ZN6eradio11SCircBufferIjEC2EN5boost12shared_arrayIjEEj
                0x0000000000000000        0x0 /usr/lib/gcc/x86_64-linux-gnu/4.6/../../../x86_64-linux-gnu/crt1.o
 .rela.text._ZN5boost12shared_arrayIjE6unwrapEv
                0x0000000000000000        0x0 /usr/lib/gcc/x86_64-linux-gnu/4.6/../../../x86_64-linux-gnu/crt1.o
 .rela.text._ZNK6eradio5audio13IAudioDecoder6DecodeEv
                0x0000000000000000        0x0 /usr/lib/gcc/x86_64-linux-gnu/4.6/../../../x86_64-linux-gnu/crt1.o
 .rela.text._ZN6eradio5audio13IAudioDecoderD2Ev
                0x0000000000000000        0x0 /usr/lib/gcc/x86_64-linux-gnu/4.6/../../../x86_64-linux-gnu/crt1.o
 .rela.text._ZN6eradio5audio13IAudioDecoderD0Ev
                0x0000000000000000        0x0 /usr/lib/gcc/x86_64-linux-gnu/4.6/../../../x86_64-linux-gnu/crt1.o
 .rela.text._ZN6eradio14IRadioStrategyC2EPKc
                0x0000000000000000        0x0 /usr/lib/gcc/x86_64-linux-gnu/4.6/../../../x86_64-linux-gnu/crt1.o
 .rela.text._ZN6eradio14IRadioStrategyD2Ev
                0x0000000000000000        0x0 /usr/lib/gcc/x86_64-linux-gnu/4.6/../../../x86_64-linux-gnu/crt1.o
 .rela.text._ZN6eradio14IRadioStrategyD0Ev
                0x0000000000000000        0x0 /usr/lib/gcc/x86_64-linux-gnu/4.6/../../../x86_64-linux-gnu/crt1.o
 .rela.text._ZN6eradio5audio13IAudioDecoderC2Ev
                0x0000000000000000        0x0 /usr/lib/gcc/x86_64-linux-gnu/4.6/../../../x86_64-linux-gnu/crt1.o
 .rela.text._ZN6eradio5audio13CAudioDecoderINS0_11SOggDecoderEEC2Ev
                0x0000000000000000        0x0 /usr/lib/gcc/x86_64-linux-gnu/4.6/../../../x86_64-linux-gnu/crt1.o
 .rela.text._ZNK6eradio5audio13CAudioDecoderINS0_11SOggDecoderEE6DecodeEv
                0x0000000000000000        0x0 /usr/lib/gcc/x86_64-linux-gnu/4.6/../../../x86_64-linux-gnu/crt1.o
 .rela.text._ZN6eradio5audio13CAudioDecoderINS0_11SOggDecoderEED2Ev
                0x0000000000000000        0x0 /usr/lib/gcc/x86_64-linux-gnu/4.6/../../../x86_64-linux-gnu/crt1.o
 .rela.text._ZN6eradio5audio13CAudioDecoderINS0_11SOggDecoderEED0Ev
                0x0000000000000000        0x0 /usr/lib/gcc/x86_64-linux-gnu/4.6/../../../x86_64-linux-gnu/crt1.o
 .rela.text._ZN5boost12shared_arrayIjEC2EPj
                0x0000000000000000        0x0 /usr/lib/gcc/x86_64-linux-gnu/4.6/../../../x86_64-linux-gnu/crt1.o
 .rela.text._ZNSt3mapIjRN6eradio3tcp10CTcpClientENS1_11SClientCompESaISt4pairIKjS3_EEEC2Ev
                0x0000000000000000        0x0 /usr/lib/gcc/x86_64-linux-gnu/4.6/../../../x86_64-linux-gnu/crt1.o
 .rela.text._ZNSt3mapIjRN6eradio3tcp10CTcpClientENS1_11SClientCompESaISt4pairIKjS3_EEE6insertERKS7_
                0x0000000000000000        0x0 /usr/lib/gcc/x86_64-linux-gnu/4.6/../../../x86_64-linux-gnu/crt1.o
 .rela.text._ZNSt3mapIjRN6eradio3tcp10CTcpClientENS1_11SClientCompESaISt4pairIKjS3_EEE4findERS6_
                0x0000000000000000        0x0 /usr/lib/gcc/x86_64-linux-gnu/4.6/../../../x86_64-linux-gnu/crt1.o
 .rela.text._ZNSt3mapIjRN6eradio3tcp10CTcpClientENS1_11SClientCompESaISt4pairIKjS3_EEE3endEv
                0x0000000000000000        0x0 /usr/lib/gcc/x86_64-linux-gnu/4.6/../../../x86_64-linux-gnu/crt1.o
 .rela.text._ZNSt3mapIjRN6eradio3tcp10CTcpClientENS1_11SClientCompESaISt4pairIKjS3_EEE2atERS6_
                0x0000000000000000        0x0 /usr/lib/gcc/x86_64-linux-gnu/4.6/../../../x86_64-linux-gnu/crt1.o
 .rela.text._ZNSt3mapIjRN6eradio3tcp10CTcpClientENS1_11SClientCompESaISt4pairIKjS3_EEE5eraseESt17_Rb_tree_iteratorIS7_E
                0x0000000000000000        0x0 /usr/lib/gcc/x86_64-linux-gnu/4.6/../../../x86_64-linux-gnu/crt1.o
 .rela.text._ZNSt8_Rb_treeIjSt4pairIKjRN6eradio3tcp10CTcpClientEESt10_Select1stIS6_ENS3_11SClientCompESaIS6_EE13_Rb_tree_implIS9_Lb1EED2Ev
                0x0000000000000000        0x0 /usr/lib/gcc/x86_64-linux-gnu/4.6/../../../x86_64-linux-gnu/crt1.o
 .rela.text._ZNSt8_Rb_treeIjSt4pairIKjRN6eradio3tcp10CTcpClientEESt10_Select1stIS6_ENS3_11SClientCompESaIS6_EEC2Ev
                0x0000000000000000        0x0 /usr/lib/gcc/x86_64-linux-gnu/4.6/../../../x86_64-linux-gnu/crt1.o
 .rela.text._ZNSt8_Rb_treeIjSt4pairIKjRN6eradio3tcp10CTcpClientEESt10_Select1stIS6_ENS3_11SClientCompESaIS6_EED2Ev
                0x0000000000000000        0x0 /usr/lib/gcc/x86_64-linux-gnu/4.6/../../../x86_64-linux-gnu/crt1.o
 .rela.text._ZNSt8_Rb_treeIjSt4pairIKjRN6eradio3tcp10CTcpClientEESt10_Select1stIS6_ENS3_11SClientCompESaIS6_EE16_M_insert_uniqueERKS6_
                0x0000000000000000        0x0 /usr/lib/gcc/x86_64-linux-gnu/4.6/../../../x86_64-linux-gnu/crt1.o
 .rela.text._ZNSt8_Rb_treeIjSt4pairIKjRN6eradio3tcp10CTcpClientEESt10_Select1stIS6_ENS3_11SClientCompESaIS6_EE4findERS1_
                0x0000000000000000        0x0 /usr/lib/gcc/x86_64-linux-gnu/4.6/../../../x86_64-linux-gnu/crt1.o
 .rela.text._ZNSt8_Rb_treeIjSt4pairIKjRN6eradio3tcp10CTcpClientEESt10_Select1stIS6_ENS3_11SClientCompESaIS6_EE3endEv
                0x0000000000000000        0x0 /usr/lib/gcc/x86_64-linux-gnu/4.6/../../../x86_64-linux-gnu/crt1.o
 .rela.text._ZNSt3mapIjRN6eradio3tcp10CTcpClientENS1_11SClientCompESaISt4pairIKjS3_EEE11lower_boundERS6_
                0x0000000000000000        0x0 /usr/lib/gcc/x86_64-linux-gnu/4.6/../../../x86_64-linux-gnu/crt1.o
 .rela.text._ZNKSt3mapIjRN6eradio3tcp10CTcpClientENS1_11SClientCompESaISt4pairIKjS3_EEE8key_compEv
                0x0000000000000000        0x0 /usr/lib/gcc/x86_64-linux-gnu/4.6/../../../x86_64-linux-gnu/crt1.o
 .rela.text._ZNSt8_Rb_treeIjSt4pairIKjRN6eradio3tcp10CTcpClientEESt10_Select1stIS6_ENS3_11SClientCompESaIS6_EE5eraseESt17_Rb_tree_iteratorIS6_E
                0x0000000000000000        0x0 /usr/lib/gcc/x86_64-linux-gnu/4.6/../../../x86_64-linux-gnu/crt1.o
 .rela.text._ZNSt8_Rb_treeIjSt4pairIKjRN6eradio3tcp10CTcpClientEESt10_Select1stIS6_ENS3_11SClientCompESaIS6_EE13_Rb_tree_implIS9_Lb1EEC2Ev
                0x0000000000000000        0x0 /usr/lib/gcc/x86_64-linux-gnu/4.6/../../../x86_64-linux-gnu/crt1.o
 .rela.text._ZNSaISt13_Rb_tree_nodeISt4pairIKjRN6eradio3tcp10CTcpClientEEEED2Ev
                0x0000000000000000        0x0 /usr/lib/gcc/x86_64-linux-gnu/4.6/../../../x86_64-linux-gnu/crt1.o
 .rela.text._ZNSt8_Rb_treeIjSt4pairIKjRN6eradio3tcp10CTcpClientEESt10_Select1stIS6_ENS3_11SClientCompESaIS6_EE8_M_eraseEPSt13_Rb_tree_nodeIS6_E
                0x0000000000000000        0x0 /usr/lib/gcc/x86_64-linux-gnu/4.6/../../../x86_64-linux-gnu/crt1.o
 .rela.text._ZNSt8_Rb_treeIjSt4pairIKjRN6eradio3tcp10CTcpClientEESt10_Select1stIS6_ENS3_11SClientCompESaIS6_EE6_S_keyEPKSt13_Rb_tree_nodeIS6_E
                0x0000000000000000        0x0 /usr/lib/gcc/x86_64-linux-gnu/4.6/../../../x86_64-linux-gnu/crt1.o
 .rela.text._ZNSt8_Rb_treeIjSt4pairIKjRN6eradio3tcp10CTcpClientEESt10_Select1stIS6_ENS3_11SClientCompESaIS6_EE5beginEv
                0x0000000000000000        0x0 /usr/lib/gcc/x86_64-linux-gnu/4.6/../../../x86_64-linux-gnu/crt1.o
 .rela.text._ZNSt8_Rb_treeIjSt4pairIKjRN6eradio3tcp10CTcpClientEESt10_Select1stIS6_ENS3_11SClientCompESaIS6_EE10_M_insert_EPKSt18_Rb_tree_node_baseSE_RKS6_
                0x0000000000000000        0x0 /usr/lib/gcc/x86_64-linux-gnu/4.6/../../../x86_64-linux-gnu/crt1.o
 .rela.text._ZNSt17_Rb_tree_iteratorISt4pairIKjRN6eradio3tcp10CTcpClientEEEmmEv
                0x0000000000000000        0x0 /usr/lib/gcc/x86_64-linux-gnu/4.6/../../../x86_64-linux-gnu/crt1.o
 .rela.text._ZNSt8_Rb_treeIjSt4pairIKjRN6eradio3tcp10CTcpClientEESt10_Select1stIS6_ENS3_11SClientCompESaIS6_EE6_S_keyEPKSt18_Rb_tree_node_base
                0x0000000000000000        0x0 /usr/lib/gcc/x86_64-linux-gnu/4.6/../../../x86_64-linux-gnu/crt1.o
 .rela.text._ZNSt8_Rb_treeIjSt4pairIKjRN6eradio3tcp10CTcpClientEESt10_Select1stIS6_ENS3_11SClientCompESaIS6_EE14_M_lower_boundEPSt13_Rb_tree_nodeIS6_ESE_RS1_
                0x0000000000000000        0x0 /usr/lib/gcc/x86_64-linux-gnu/4.6/../../../x86_64-linux-gnu/crt1.o
 .rela.text._ZNSt8_Rb_treeIjSt4pairIKjRN6eradio3tcp10CTcpClientEESt10_Select1stIS6_ENS3_11SClientCompESaIS6_EE11lower_boundERS1_
                0x0000000000000000        0x0 /usr/lib/gcc/x86_64-linux-gnu/4.6/../../../x86_64-linux-gnu/crt1.o
 .rela.text._ZNSt8_Rb_treeIjSt4pairIKjRN6eradio3tcp10CTcpClientEESt10_Select1stIS6_ENS3_11SClientCompESaIS6_EE12_M_erase_auxESt23_Rb_tree_const_iteratorIS6_E
                0x0000000000000000        0x0 /usr/lib/gcc/x86_64-linux-gnu/4.6/../../../x86_64-linux-gnu/crt1.o
 .rela.text._ZNSaISt13_Rb_tree_nodeISt4pairIKjRN6eradio3tcp10CTcpClientEEEEC2Ev
                0x0000000000000000        0x0 /usr/lib/gcc/x86_64-linux-gnu/4.6/../../../x86_64-linux-gnu/crt1.o
 .rela.text._ZNSt8_Rb_treeIjSt4pairIKjRN6eradio3tcp10CTcpClientEESt10_Select1stIS6_ENS3_11SClientCompESaIS6_EE15_M_destroy_nodeEPSt13_Rb_tree_nodeIS6_E
                0x0000000000000000        0x0 /usr/lib/gcc/x86_64-linux-gnu/4.6/../../../x86_64-linux-gnu/crt1.o
 .rela.text._ZNSt8_Rb_treeIjSt4pairIKjRN6eradio3tcp10CTcpClientEESt10_Select1stIS6_ENS3_11SClientCompESaIS6_EE14_M_create_nodeERKS6_
                0x0000000000000000        0x0 /usr/lib/gcc/x86_64-linux-gnu/4.6/../../../x86_64-linux-gnu/crt1.o
 .rela.text._ZNKSt8_Rb_treeIjSt4pairIKjRN6eradio3tcp10CTcpClientEESt10_Select1stIS6_ENS3_11SClientCompESaIS6_EE13get_allocatorEv
                0x0000000000000000        0x0 /usr/lib/gcc/x86_64-linux-gnu/4.6/../../../x86_64-linux-gnu/crt1.o
 .rela.text._ZNSaISt4pairIKjRN6eradio3tcp10CTcpClientEEED2Ev
                0x0000000000000000        0x0 /usr/lib/gcc/x86_64-linux-gnu/4.6/../../../x86_64-linux-gnu/crt1.o
 .rela.text._ZN9__gnu_cxx13new_allocatorISt4pairIKjRN6eradio3tcp10CTcpClientEEE7destroyEPS7_
                0x0000000000000000        0x0 /usr/lib/gcc/x86_64-linux-gnu/4.6/../../../x86_64-linux-gnu/crt1.o
 .rela.text._ZNSt8_Rb_treeIjSt4pairIKjRN6eradio3tcp10CTcpClientEESt10_Select1stIS6_ENS3_11SClientCompESaIS6_EE11_M_put_nodeEPSt13_Rb_tree_nodeIS6_E
                0x0000000000000000        0x0 /usr/lib/gcc/x86_64-linux-gnu/4.6/../../../x86_64-linux-gnu/crt1.o
 .rela.text._ZNSt8_Rb_treeIjSt4pairIKjRN6eradio3tcp10CTcpClientEESt10_Select1stIS6_ENS3_11SClientCompESaIS6_EE11_M_get_nodeEv
                0x0000000000000000        0x0 /usr/lib/gcc/x86_64-linux-gnu/4.6/../../../x86_64-linux-gnu/crt1.o
 .rela.text._ZN9__gnu_cxx13new_allocatorISt4pairIKjRN6eradio3tcp10CTcpClientEEE9constructEPS7_RKS7_
                0x0000000000000000        0x0 /usr/lib/gcc/x86_64-linux-gnu/4.6/../../../x86_64-linux-gnu/crt1.o
 .rela.text._ZNSaISt4pairIKjRN6eradio3tcp10CTcpClientEEEC2ISt13_Rb_tree_nodeIS5_EEERKSaIT_E
                0x0000000000000000        0x0 /usr/lib/gcc/x86_64-linux-gnu/4.6/../../../x86_64-linux-gnu/crt1.o
 .rela.text._ZN9__gnu_cxx13new_allocatorISt13_Rb_tree_nodeISt4pairIKjRN6eradio3tcp10CTcpClientEEEE10deallocateEPS9_m
                0x0000000000000000        0x0 /usr/lib/gcc/x86_64-linux-gnu/4.6/../../../x86_64-linux-gnu/crt1.o
 .rela.text._ZN9__gnu_cxx13new_allocatorISt13_Rb_tree_nodeISt4pairIKjRN6eradio3tcp10CTcpClientEEEE8allocateEmPKv
                0x0000000000000000        0x0 /usr/lib/gcc/x86_64-linux-gnu/4.6/../../../x86_64-linux-gnu/crt1.o
 .rela.text._ZNSt3mapIjRN6eradio3tcp10CTcpClientENS1_11SClientCompESaISt4pairIKjS3_EEED2Ev
                0x0000000000000000        0x0 /usr/lib/gcc/x86_64-linux-gnu/4.6/../../../x86_64-linux-gnu/crt1.o
 .rela.text._ZN6eradio3tcp10CTcpClientC2Ev
                0x0000000000000000        0x0 /usr/lib/gcc/x86_64-linux-gnu/4.6/../../../x86_64-linux-gnu/crt1.o
 .rela.text._ZN6eradio13COggContainer18GetBytesFromPacketEP14oggpack_bufferPci
                0x0000000000000000        0x0 /usr/lib/gcc/x86_64-linux-gnu/4.6/../../../x86_64-linux-gnu/crt1.o
 .rela.text._ZN6eradio5audio13IAudioHwStateC2Ev
                0x0000000000000000        0x0 /usr/lib/gcc/x86_64-linux-gnu/4.6/../../../x86_64-linux-gnu/crt1.o
 *(.rela.fini)
 *(.rela.rodata .rela.rodata.* .rela.gnu.linkonce.r.*)
 .rela.rodata._ZTVN6eradio5audio9CAudioOutE
                0x0000000000000000        0x0 /usr/lib/gcc/x86_64-linux-gnu/4.6/../../../x86_64-linux-gnu/crt1.o
 .rela.rodata._ZTIN6eradio5audio9CAudioOutE
                0x0000000000000000        0x0 /usr/lib/gcc/x86_64-linux-gnu/4.6/../../../x86_64-linux-gnu/crt1.o
 .rela.rodata._ZTVN6eradio13CFileStrategyE
                0x0000000000000000        0x0 /usr/lib/gcc/x86_64-linux-gnu/4.6/../../../x86_64-linux-gnu/crt1.o
 .rela.rodata._ZTVN6eradio5audio13CAudioDecoderINS0_11SOggDecoderEEE
                0x0000000000000000        0x0 /usr/lib/gcc/x86_64-linux-gnu/4.6/../../../x86_64-linux-gnu/crt1.o
 .rela.rodata._ZTVN6eradio14IRadioStrategyE
                0x0000000000000000        0x0 /usr/lib/gcc/x86_64-linux-gnu/4.6/../../../x86_64-linux-gnu/crt1.o
 .rela.rodata._ZTVN6eradio5audio13IAudioDecoderE
                0x0000000000000000        0x0 /usr/lib/gcc/x86_64-linux-gnu/4.6/../../../x86_64-linux-gnu/crt1.o
 .rela.rodata._ZTIN6eradio5audio13CAudioDecoderINS0_11SOggDecoderEEE
                0x0000000000000000        0x0 /usr/lib/gcc/x86_64-linux-gnu/4.6/../../../x86_64-linux-gnu/crt1.o
 .rela.rodata._ZTIN6eradio13CFileStrategyE
                0x0000000000000000        0x0 /usr/lib/gcc/x86_64-linux-gnu/4.6/../../../x86_64-linux-gnu/crt1.o
 .rela.rodata._ZTIN6eradio14IRadioStrategyE
                0x0000000000000000        0x0 /usr/lib/gcc/x86_64-linux-gnu/4.6/../../../x86_64-linux-gnu/crt1.o
 .rela.rodata._ZTIN6eradio5audio13IAudioDecoderE
                0x0000000000000000        0x0 /usr/lib/gcc/x86_64-linux-gnu/4.6/../../../x86_64-linux-gnu/crt1.o
 .rela.rodata._ZTVN6eradio18CShoutcastStrategyE
                0x0000000000000000        0x0 /usr/lib/gcc/x86_64-linux-gnu/4.6/../../../x86_64-linux-gnu/crt1.o
 .rela.rodata._ZTIN6eradio18CShoutcastStrategyE
                0x0000000000000000        0x0 /usr/lib/gcc/x86_64-linux-gnu/4.6/../../../x86_64-linux-gnu/crt1.o
 .rela.rodata._ZTVN6eradio11CHttpClientE
                0x0000000000000000        0x0 /usr/lib/gcc/x86_64-linux-gnu/4.6/../../../x86_64-linux-gnu/crt1.o
 .rela.rodata._ZTIN6eradio11CHttpClientE
                0x0000000000000000        0x0 /usr/lib/gcc/x86_64-linux-gnu/4.6/../../../x86_64-linux-gnu/crt1.o
 .rela.rodata._ZTVN6eradio5audio8CAudioHwE
                0x0000000000000000        0x0 /usr/lib/gcc/x86_64-linux-gnu/4.6/../../../x86_64-linux-gnu/crt1.o
 .rela.rodata._ZTIN6eradio5audio8CAudioHwE
                0x0000000000000000        0x0 /usr/lib/gcc/x86_64-linux-gnu/4.6/../../../x86_64-linux-gnu/crt1.o
 .rela.rodata._ZTVN6eradio13CDataReceiverE
                0x0000000000000000        0x0 /usr/lib/gcc/x86_64-linux-gnu/4.6/../../../x86_64-linux-gnu/crt1.o
 .rela.rodata._ZTIN6eradio13CDataReceiverE
                0x0000000000000000        0x0 /usr/lib/gcc/x86_64-linux-gnu/4.6/../../../x86_64-linux-gnu/crt1.o
 .rela.rodata._ZTVN6eradio3tcp10CTcpClientE
                0x0000000000000000        0x0 /usr/lib/gcc/x86_64-linux-gnu/4.6/../../../x86_64-linux-gnu/crt1.o
 .rela.rodata._ZTIN6eradio3tcp10CTcpClientE
                0x0000000000000000        0x0 /usr/lib/gcc/x86_64-linux-gnu/4.6/../../../x86_64-linux-gnu/crt1.o
 .rela.rodata._ZTVN6eradio5audio21CAudioHwNotConfiguredE
                0x0000000000000000        0x0 /usr/lib/gcc/x86_64-linux-gnu/4.6/../../../x86_64-linux-gnu/crt1.o
 .rela.rodata._ZTVN6eradio5audio13IAudioHwStateE
                0x0000000000000000        0x0 /usr/lib/gcc/x86_64-linux-gnu/4.6/../../../x86_64-linux-gnu/crt1.o
 .rela.rodata._ZTIN6eradio5audio21CAudioHwNotConfiguredE
                0x0000000000000000        0x0 /usr/lib/gcc/x86_64-linux-gnu/4.6/../../../x86_64-linux-gnu/crt1.o
 .rela.rodata._ZTIN6eradio5audio13IAudioHwStateE
                0x0000000000000000        0x0 /usr/lib/gcc/x86_64-linux-gnu/4.6/../../../x86_64-linux-gnu/crt1.o
 *(.rela.data .rela.data.* .rela.gnu.linkonce.d.*)
 *(.rela.tdata .rela.tdata.* .rela.gnu.linkonce.td.*)
 *(.rela.tbss .rela.tbss.* .rela.gnu.linkonce.tb.*)
 *(.rela.ctors)
 *(.rela.dtors)
 *(.rela.got)
 .rela.got      0x0000000000400e18       0x18 /usr/lib/gcc/x86_64-linux-gnu/4.6/../../../x86_64-linux-gnu/crt1.o
 *(.rela.bss .rela.bss.* .rela.gnu.linkonce.b.*)
 .rela.bss      0x0000000000400e30       0x48 /usr/lib/gcc/x86_64-linux-gnu/4.6/../../../x86_64-linux-gnu/crt1.o
 *(.rela.ldata .rela.ldata.* .rela.gnu.linkonce.l.*)
 *(.rela.lbss .rela.lbss.* .rela.gnu.linkonce.lb.*)
 *(.rela.lrodata .rela.lrodata.* .rela.gnu.linkonce.lr.*)
 *(.rela.ifunc)
 .rela.eh_frame
                0x0000000000000000        0x0 /usr/lib/gcc/x86_64-linux-gnu/4.6/../../../x86_64-linux-gnu/crt1.o

.rela.plt       0x0000000000400e78      0x420
 *(.rela.plt)
 .rela.plt      0x0000000000400e78      0x420 /usr/lib/gcc/x86_64-linux-gnu/4.6/../../../x86_64-linux-gnu/crt1.o
                0x0000000000401298                PROVIDE (__rela_iplt_start, .)
 *(.rela.iplt)
 .rela.iplt     0x0000000000000000        0x0 /usr/lib/gcc/x86_64-linux-gnu/4.6/../../../x86_64-linux-gnu/crt1.o
                0x0000000000401298                PROVIDE (__rela_iplt_end, .)

.init           0x0000000000401298       0x18
 *(.init)
 .init          0x0000000000401298        0x9 /usr/lib/gcc/x86_64-linux-gnu/4.6/../../../x86_64-linux-gnu/crti.o
                0x0000000000401298                _init
 .init          0x00000000004012a1        0x5 /usr/lib/gcc/x86_64-linux-gnu/4.6/crtbegin.o
 .init          0x00000000004012a6        0x5 /usr/lib/gcc/x86_64-linux-gnu/4.6/crtend.o
 .init          0x00000000004012ab        0x5 /usr/lib/gcc/x86_64-linux-gnu/4.6/../../../x86_64-linux-gnu/crtn.o

.plt            0x00000000004012b0      0x2d0
 *(.plt)
 .plt           0x00000000004012b0      0x2d0 /usr/lib/gcc/x86_64-linux-gnu/4.6/../../../x86_64-linux-gnu/crt1.o
                0x00000000004012c0                ogg_sync_wrote
                0x00000000004012d0                _ZNKSi6gcountEv@@GLIBCXX_3.4
                0x00000000004012e0                _Znam@@GLIBCXX_3.4
                0x00000000004012f0                _ZdlPv@@GLIBCXX_3.4
                0x0000000000401300                exit@@GLIBC_2.2.5
                0x0000000000401310                __cxa_rethrow@@CXXABI_1.3
                0x0000000000401320                _ZNSt8ios_base4InitC1Ev@@GLIBCXX_3.4
                0x0000000000401330                oggpack_readinit
                0x0000000000401340                __libc_start_main@@GLIBC_2.2.5
                0x0000000000401350                _ZSt18_Rb_tree_decrementPSt18_Rb_tree_node_base@@GLIBCXX_3.4
                0x0000000000401360                __cxa_atexit@@GLIBC_2.2.5
                0x0000000000401370                _ZSt20__throw_out_of_rangePKc@@GLIBCXX_3.4
                0x0000000000401380                _ZStlsISt11char_traitsIcEERSt13basic_ostreamIcT_ES5_c@@GLIBCXX_3.4
                0x0000000000401390                _ZNSi4readEPcl@@GLIBCXX_3.4
                0x00000000004013a0                _ZNSt8ios_base4InitD1Ev@@GLIBCXX_3.4
                0x00000000004013b0                _ZStlsISt11char_traitsIcEERSt13basic_ostreamIcT_ES5_PKc@@GLIBCXX_3.4
                0x00000000004013c0                ogg_stream_clear
                0x00000000004013d0                ogg_stream_init
                0x00000000004013e0                strrchr@@GLIBC_2.2.5
                0x00000000004013f0                _ZNSt14basic_ifstreamIcSt11char_traitsIcEED1Ev@@GLIBCXX_3.4
                0x0000000000401400                ogg_stream_packetout
                0x0000000000401410                __cxa_pure_virtual@@CXXABI_1.3
                0x0000000000401420                ogg_sync_init
                0x0000000000401430                ogg_sync_buffer
                0x0000000000401440                ogg_sync_clear
                0x0000000000401450                _ZSt29_Rb_tree_insert_and_rebalancebPSt18_Rb_tree_node_baseS0_RS_@@GLIBCXX_3.4
                0x0000000000401460                __stack_chk_fail@@GLIBC_2.4
                0x0000000000401470                _ZSt28_Rb_tree_rebalance_for_erasePSt18_Rb_tree_node_baseRS_@@GLIBCXX_3.4
                0x0000000000401480                strcpy@@GLIBC_2.2.5
                0x0000000000401490                ogg_page_serialno
                0x00000000004014a0                ogg_sync_pageout
                0x00000000004014b0                _ZdaPv@@GLIBCXX_3.4
                0x00000000004014c0                _ZNSt14basic_ifstreamIcSt11char_traitsIcEEC1EPKcSt13_Ios_Openmode@@GLIBCXX_3.4
                0x00000000004014d0                _ZNSolsEPFRSoS_E@@GLIBCXX_3.4
                0x00000000004014e0                oggpack_read
                0x00000000004014f0                __cxa_end_catch@@CXXABI_1.3
                0x0000000000401500                _ZSt17__throw_bad_allocv@@GLIBCXX_3.4
                0x0000000000401510                _ZSt4endlIcSt11char_traitsIcEERSt13basic_ostreamIT_T0_ES6_@@GLIBCXX_3.4
                0x0000000000401520                __cxa_begin_catch@@CXXABI_1.3
                0x0000000000401530                __gxx_personality_v0@@CXXABI_1.3
                0x0000000000401540                _Znwm@@GLIBCXX_3.4
                0x0000000000401550                _Unwind_Resume@@GCC_3.0
                0x0000000000401560                memcpy@@GLIBC_2.14
                0x0000000000401570                ogg_stream_pagein
 *(.iplt)
 .iplt          0x0000000000000000        0x0 /usr/lib/gcc/x86_64-linux-gnu/4.6/../../../x86_64-linux-gnu/crt1.o

.text           0x0000000000401580     0x2a68
 *(.text.unlikely .text.*_unlikely)
 *(.text.exit .text.exit.*)
 *(.text.startup .text.startup.*)
 *(.text.hot .text.hot.*)
 *(.text .stub .text.* .gnu.linkonce.t.*)
 .text          0x0000000000401580       0x2c /usr/lib/gcc/x86_64-linux-gnu/4.6/../../../x86_64-linux-gnu/crt1.o
                0x0000000000401580                _start
 .text          0x00000000004015ac       0x17 /usr/lib/gcc/x86_64-linux-gnu/4.6/../../../x86_64-linux-gnu/crti.o
 *fill*         0x00000000004015c3        0xd 90909090
 .text          0x00000000004015d0       0x92 /usr/lib/gcc/x86_64-linux-gnu/4.6/crtbegin.o
 *fill*         0x0000000000401662        0x2 90909090
 .text          0x0000000000401664      0x1f1 build/GTest/GNU-Linux-x86/Audio/src/CAudioOut.o
                0x0000000000401664                _ZN6eradio5audio9CAudioOutC1EPNS0_13IAudioDecoderEPNS0_8CAudioHwEN5boost12shared_arrayIjEEj
                0x0000000000401664                _ZN6eradio5audio9CAudioOutC2EPNS0_13IAudioDecoderEPNS0_8CAudioHwEN5boost12shared_arrayIjEEj
                0x0000000000401714                _ZN6eradio5audio9CAudioOut7ExecuteEv
                0x000000000040173e                _ZN6eradio5audio9CAudioOutD2Ev
                0x000000000040173e                _ZN6eradio5audio9CAudioOutD1Ev
                0x00000000004017da                _ZN6eradio5audio9CAudioOutD0Ev
 *fill*         0x0000000000401855        0x1 90909090
 .text._ZN6eradio11SCircBufferIjED2Ev
                0x0000000000401856       0x1a build/GTest/GNU-Linux-x86/Audio/src/CAudioOut.o
                0x0000000000401856                _ZN6eradio11SCircBufferIjED2Ev
                0x0000000000401856                _ZN6eradio11SCircBufferIjED1Ev
 .text._ZN5boost12shared_arrayIjEC2ERS1_
                0x0000000000401870       0x48 build/GTest/GNU-Linux-x86/Audio/src/CAudioOut.o
                0x0000000000401870                _ZN5boost12shared_arrayIjEC2ERS1_
                0x0000000000401870                _ZN5boost12shared_arrayIjEC1ERS1_
 .text._ZN5boost12shared_arrayIjED2Ev
                0x00000000004018b8       0x1a build/GTest/GNU-Linux-x86/Audio/src/CAudioOut.o
                0x00000000004018b8                _ZN5boost12shared_arrayIjED2Ev
                0x00000000004018b8                _ZN5boost12shared_arrayIjED1Ev
 .text._ZN6eradio11SCircBufferIjEC2EN5boost12shared_arrayIjEEj
                0x00000000004018d2       0x5a build/GTest/GNU-Linux-x86/Audio/src/CAudioOut.o
                0x00000000004018d2                _ZN6eradio11SCircBufferIjEC1EN5boost12shared_arrayIjEEj
                0x00000000004018d2                _ZN6eradio11SCircBufferIjEC2EN5boost12shared_arrayIjEEj
 .text._ZN5boost10scoped_ptrIN6eradio5audio13IAudioDecoderEEC2EPS3_
                0x000000000040192c       0x19 build/GTest/GNU-Linux-x86/Audio/src/CAudioOut.o
                0x000000000040192c                _ZN5boost10scoped_ptrIN6eradio5audio13IAudioDecoderEEC2EPS3_
                0x000000000040192c                _ZN5boost10scoped_ptrIN6eradio5audio13IAudioDecoderEEC1EPS3_
 *fill*         0x0000000000401945        0x1 90909090
 .text._ZN5boost10scoped_ptrIN6eradio5audio13IAudioDecoderEED2Ev
                0x0000000000401946       0x42 build/GTest/GNU-Linux-x86/Audio/src/CAudioOut.o
                0x0000000000401946                _ZN5boost10scoped_ptrIN6eradio5audio13IAudioDecoderEED1Ev
                0x0000000000401946                _ZN5boost10scoped_ptrIN6eradio5audio13IAudioDecoderEED2Ev
 .text._ZN5boost10scoped_ptrIN6eradio5audio8CAudioHwEEC2EPS3_
                0x0000000000401988       0x19 build/GTest/GNU-Linux-x86/Audio/src/CAudioOut.o
                0x0000000000401988                _ZN5boost10scoped_ptrIN6eradio5audio8CAudioHwEEC2EPS3_
                0x0000000000401988                _ZN5boost10scoped_ptrIN6eradio5audio8CAudioHwEEC1EPS3_
 *fill*         0x00000000004019a1        0x1 90909090
 .text._ZN5boost10scoped_ptrIN6eradio5audio8CAudioHwEED2Ev
                0x00000000004019a2       0x42 build/GTest/GNU-Linux-x86/Audio/src/CAudioOut.o
                0x00000000004019a2                _ZN5boost10scoped_ptrIN6eradio5audio8CAudioHwEED1Ev
                0x00000000004019a2                _ZN5boost10scoped_ptrIN6eradio5audio8CAudioHwEED2Ev
 .text._ZNK5boost10scoped_ptrIN6eradio5audio13IAudioDecoderEEptEv
                0x00000000004019e4       0x11 build/GTest/GNU-Linux-x86/Audio/src/CAudioOut.o
                0x00000000004019e4                _ZNK5boost10scoped_ptrIN6eradio5audio13IAudioDecoderEEptEv
 *fill*         0x00000000004019f5        0x1 90909090
 .text._ZN5boost12shared_arrayIjE3getEv
                0x00000000004019f6       0x11 build/GTest/GNU-Linux-x86/Audio/src/CAudioOut.o
                0x00000000004019f6                _ZN5boost12shared_arrayIjE3getEv
 *fill*         0x0000000000401a07        0x1 90909090
 .text._ZN5boost12shared_arrayIjE15shareRefCounterEv
                0x0000000000401a08       0x12 build/GTest/GNU-Linux-x86/Audio/src/CAudioOut.o
                0x0000000000401a08                _ZN5boost12shared_arrayIjE15shareRefCounterEv
 .text._ZN5boost12shared_arrayIjE6unwrapEv
                0x0000000000401a1a       0x76 build/GTest/GNU-Linux-x86/Audio/src/CAudioOut.o
                0x0000000000401a1a                _ZN5boost12shared_arrayIjE6unwrapEv
 .text          0x0000000000401a90      0x433 build/GTest/GNU-Linux-x86/RadioProtocols/File/src/CFileStrategy.o
                0x0000000000401a90                _ZN6eradio5audio12BuildDecoderEPKc
                0x0000000000401abc                _ZN6eradio13CFileStrategyC2ERNS_3tcp10CTcpServerEPKc
                0x0000000000401abc                _ZN6eradio13CFileStrategyC1ERNS_3tcp10CTcpServerEPKc
                0x0000000000401d42                _ZN6eradio13CFileStrategy4PlayEv
                0x0000000000401d84                _ZN6eradio13CFileStrategy5PauseEv
                0x0000000000401dae                _ZN6eradio13CFileStrategy4StopEv
                0x0000000000401dd8                _ZN6eradio13CFileStrategyD2Ev
                0x0000000000401dd8                _ZN6eradio13CFileStrategyD1Ev
                0x0000000000401e48                _ZN6eradio13CFileStrategyD0Ev
 *fill*         0x0000000000401ec3        0x1 90909090
 .text._ZNK6eradio5audio13IAudioDecoder6DecodeEv
                0x0000000000401ec4       0x2a build/GTest/GNU-Linux-x86/RadioProtocols/File/src/CFileStrategy.o
                0x0000000000401ec4                _ZNK6eradio5audio13IAudioDecoder6DecodeEv
 .text._ZN6eradio5audio13IAudioDecoderD2Ev
                0x0000000000401eee       0x31 build/GTest/GNU-Linux-x86/RadioProtocols/File/src/CFileStrategy.o
                0x0000000000401eee                _ZN6eradio5audio13IAudioDecoderD2Ev
                0x0000000000401eee                _ZN6eradio5audio13IAudioDecoderD1Ev
 *fill*         0x0000000000401f1f        0x1 90909090
 .text._ZN6eradio5audio13IAudioDecoderD0Ev
                0x0000000000401f20       0x26 build/GTest/GNU-Linux-x86/RadioProtocols/File/src/CFileStrategy.o
                0x0000000000401f20                _ZN6eradio5audio13IAudioDecoderD0Ev
 .text._ZN6eradio14IRadioStrategyC2EPKc
                0x0000000000401f46       0x5e build/GTest/GNU-Linux-x86/RadioProtocols/File/src/CFileStrategy.o
                0x0000000000401f46                _ZN6eradio14IRadioStrategyC2EPKc
                0x0000000000401f46                _ZN6eradio14IRadioStrategyC1EPKc
 .text._ZN6eradio14IRadioStrategy9GetInPortEv
                0x0000000000401fa4       0x11 build/GTest/GNU-Linux-x86/RadioProtocols/File/src/CFileStrategy.o
                0x0000000000401fa4                _ZN6eradio14IRadioStrategy9GetInPortEv
 *fill*         0x0000000000401fb5        0x1 90909090
 .text._ZN6eradio14IRadioStrategyD2Ev
                0x0000000000401fb6       0x77 build/GTest/GNU-Linux-x86/RadioProtocols/File/src/CFileStrategy.o
                0x0000000000401fb6                _ZN6eradio14IRadioStrategyD2Ev
                0x0000000000401fb6                _ZN6eradio14IRadioStrategyD1Ev
 *fill*         0x000000000040202d        0x1 90909090
 .text._ZN6eradio14IRadioStrategyD0Ev
                0x000000000040202e       0x26 build/GTest/GNU-Linux-x86/RadioProtocols/File/src/CFileStrategy.o
                0x000000000040202e                _ZN6eradio14IRadioStrategyD0Ev
 .text._ZN6eradio13CFileStrategy9GetInPortEv
                0x0000000000402054        0xf build/GTest/GNU-Linux-x86/RadioProtocols/File/src/CFileStrategy.o
                0x0000000000402054                _ZN6eradio13CFileStrategy9GetInPortEv
 *fill*         0x0000000000402063        0x1 90909090
 .text._ZN6eradio5audio13IAudioDecoderC2Ev
                0x0000000000402064       0x15 build/GTest/GNU-Linux-x86/RadioProtocols/File/src/CFileStrategy.o
                0x0000000000402064                _ZN6eradio5audio13IAudioDecoderC1Ev
                0x0000000000402064                _ZN6eradio5audio13IAudioDecoderC2Ev
 *fill*         0x0000000000402079        0x1 90909090
 .text._ZN6eradio5audio13CAudioDecoderINS0_11SOggDecoderEEC2Ev
                0x000000000040207a       0x25 build/GTest/GNU-Linux-x86/RadioProtocols/File/src/CFileStrategy.o
                0x000000000040207a                _ZN6eradio5audio13CAudioDecoderINS0_11SOggDecoderEEC2Ev
                0x000000000040207a                _ZN6eradio5audio13CAudioDecoderINS0_11SOggDecoderEEC1Ev
 *fill*         0x000000000040209f        0x1 90909090
 .text._ZNK6eradio5audio13CAudioDecoderINS0_11SOggDecoderEE6DecodeEv
                0x00000000004020a0       0x2a build/GTest/GNU-Linux-x86/RadioProtocols/File/src/CFileStrategy.o
                0x00000000004020a0                _ZNK6eradio5audio13CAudioDecoderINS0_11SOggDecoderEE6DecodeEv
 .text._ZN6eradio5audio13CAudioDecoderINS0_11SOggDecoderEED2Ev
                0x00000000004020ca       0x3d build/GTest/GNU-Linux-x86/RadioProtocols/File/src/CFileStrategy.o
                0x00000000004020ca                _ZN6eradio5audio13CAudioDecoderINS0_11SOggDecoderEED1Ev
                0x00000000004020ca                _ZN6eradio5audio13CAudioDecoderINS0_11SOggDecoderEED2Ev
 *fill*         0x0000000000402107        0x1 90909090
 .text._ZN6eradio5audio13CAudioDecoderINS0_11SOggDecoderEED0Ev
                0x0000000000402108       0x26 build/GTest/GNU-Linux-x86/RadioProtocols/File/src/CFileStrategy.o
                0x0000000000402108                _ZN6eradio5audio13CAudioDecoderINS0_11SOggDecoderEED0Ev
 .text._ZN5boost10scoped_ptrIN6eradio13CDataReceiverEEC2EPS2_
                0x000000000040212e       0x19 build/GTest/GNU-Linux-x86/RadioProtocols/File/src/CFileStrategy.o
                0x000000000040212e                _ZN5boost10scoped_ptrIN6eradio13CDataReceiverEEC1EPS2_
                0x000000000040212e                _ZN5boost10scoped_ptrIN6eradio13CDataReceiverEEC2EPS2_
 *fill*         0x0000000000402147        0x1 90909090
 .text._ZN5boost10scoped_ptrIN6eradio13CDataReceiverEED2Ev
                0x0000000000402148       0x42 build/GTest/GNU-Linux-x86/RadioProtocols/File/src/CFileStrategy.o
                0x0000000000402148                _ZN5boost10scoped_ptrIN6eradio13CDataReceiverEED2Ev
                0x0000000000402148                _ZN5boost10scoped_ptrIN6eradio13CDataReceiverEED1Ev
 .text._ZN5boost10scoped_ptrIN6eradio5audio9CAudioOutEEC2EPS3_
                0x000000000040218a       0x19 build/GTest/GNU-Linux-x86/RadioProtocols/File/src/CFileStrategy.o
                0x000000000040218a                _ZN5boost10scoped_ptrIN6eradio5audio9CAudioOutEEC1EPS3_
                0x000000000040218a                _ZN5boost10scoped_ptrIN6eradio5audio9CAudioOutEEC2EPS3_
 *fill*         0x00000000004021a3        0x1 90909090
 .text._ZN5boost10scoped_ptrIN6eradio5audio9CAudioOutEED2Ev
                0x00000000004021a4       0x42 build/GTest/GNU-Linux-x86/RadioProtocols/File/src/CFileStrategy.o
                0x00000000004021a4                _ZN5boost10scoped_ptrIN6eradio5audio9CAudioOutEED1Ev
                0x00000000004021a4                _ZN5boost10scoped_ptrIN6eradio5audio9CAudioOutEED2Ev
 .text._ZN5boost10scoped_ptrISt14basic_ifstreamIcSt11char_traitsIcEEEC2EPS4_
                0x00000000004021e6       0x19 build/GTest/GNU-Linux-x86/RadioProtocols/File/src/CFileStrategy.o
                0x00000000004021e6                _ZN5boost10scoped_ptrISt14basic_ifstreamIcSt11char_traitsIcEEEC2EPS4_
                0x00000000004021e6                _ZN5boost10scoped_ptrISt14basic_ifstreamIcSt11char_traitsIcEEEC1EPS4_
 *fill*         0x00000000004021ff        0x1 90909090
 .text._ZN5boost10scoped_ptrISt14basic_ifstreamIcSt11char_traitsIcEEED2Ev
                0x0000000000402200       0x42 build/GTest/GNU-Linux-x86/RadioProtocols/File/src/CFileStrategy.o
                0x0000000000402200                _ZN5boost10scoped_ptrISt14basic_ifstreamIcSt11char_traitsIcEEED2Ev
                0x0000000000402200                _ZN5boost10scoped_ptrISt14basic_ifstreamIcSt11char_traitsIcEEED1Ev
 .text._ZN5boost12shared_arrayIjEC2EPj
                0x0000000000402242       0x43 build/GTest/GNU-Linux-x86/RadioProtocols/File/src/CFileStrategy.o
                0x0000000000402242                _ZN5boost12shared_arrayIjEC1EPj
                0x0000000000402242                _ZN5boost12shared_arrayIjEC2EPj
 *fill*         0x0000000000402285        0x1 90909090
 .text._ZN5boost10scoped_ptrIN6eradio13CDataReceiverEE5resetEPS2_
                0x0000000000402286       0x46 build/GTest/GNU-Linux-x86/RadioProtocols/File/src/CFileStrategy.o
                0x0000000000402286                _ZN5boost10scoped_ptrIN6eradio13CDataReceiverEE5resetEPS2_
 .text._ZN5boost10scoped_ptrIN6eradio5audio9CAudioOutEE5resetEPS3_
                0x00000000004022cc       0x46 build/GTest/GNU-Linux-x86/RadioProtocols/File/src/CFileStrategy.o
                0x00000000004022cc                _ZN5boost10scoped_ptrIN6eradio5audio9CAudioOutEE5resetEPS3_
 .text._ZNK5boost10scoped_ptrIN6eradio5audio9CAudioOutEEptEv
                0x0000000000402312       0x11 build/GTest/GNU-Linux-x86/RadioProtocols/File/src/CFileStrategy.o
                0x0000000000402312                _ZNK5boost10scoped_ptrIN6eradio5audio9CAudioOutEEptEv
 *fill*         0x0000000000402323        0x1 90909090
 .text          0x0000000000402324      0x25f build/GTest/GNU-Linux-x86/main.o
                0x0000000000402324                main
 *fill*         0x0000000000402583        0x1 90909090
 .text          0x0000000000402584       0xf9 build/GTest/GNU-Linux-x86/RadioProtocols/Shoutcast/src/CShoutcastStrategy.o
                0x0000000000402584                _ZN6eradio18CShoutcastStrategyC2ERNS_11CHttpClientEPKc
                0x0000000000402584                _ZN6eradio18CShoutcastStrategyC1ERNS_11CHttpClientEPKc
                0x00000000004025c4                _ZN6eradio18CShoutcastStrategyD1Ev
                0x00000000004025c4                _ZN6eradio18CShoutcastStrategyD2Ev
                0x0000000000402602                _ZN6eradio18CShoutcastStrategyD0Ev
 *fill*         0x000000000040267d        0x3 90909090
 .text          0x0000000000402680      0x1bb build/GTest/GNU-Linux-x86/TcpIp/src/CTcpServer.o
                0x0000000000402680                _ZN6eradio3tcp10CTcpServer14RegisterClientERNS0_10CTcpClientE
                0x00000000004026f8                _ZN6eradio3tcp10CTcpServer10CallClientEjPjj
                0x000000000040277a                _ZN6eradio3tcp10CTcpServer16DeregisterClientERNS0_10CTcpClientE
 .text._ZnwmPv  0x000000000040283b       0x12 build/GTest/GNU-Linux-x86/TcpIp/src/CTcpServer.o
                0x000000000040283b                _ZnwmPv
 *fill*         0x000000000040284d        0x1 90909090
 .text._ZN6eradio3tcp11SClientCompclERKjS3_
                0x000000000040284e       0x23 build/GTest/GNU-Linux-x86/TcpIp/src/CTcpServer.o
                0x000000000040284e                _ZN6eradio3tcp11SClientCompclERKjS3_
 *fill*         0x0000000000402871        0x1 90909090
 .text._ZNK6eradio3tcp10CTcpClient7GetPortEv
                0x0000000000402872       0x11 build/GTest/GNU-Linux-x86/TcpIp/src/CTcpServer.o
                0x0000000000402872                _ZNK6eradio3tcp10CTcpClient7GetPortEv
 *fill*         0x0000000000402883        0x1 90909090
 .text._ZNSt3mapIjRN6eradio3tcp10CTcpClientENS1_11SClientCompESaISt4pairIKjS3_EEEC2Ev
                0x0000000000402884       0x1a build/GTest/GNU-Linux-x86/TcpIp/src/CTcpServer.o
                0x0000000000402884                _ZNSt3mapIjRN6eradio3tcp10CTcpClientENS1_11SClientCompESaISt4pairIKjS3_EEEC1Ev
                0x0000000000402884                _ZNSt3mapIjRN6eradio3tcp10CTcpClientENS1_11SClientCompESaISt4pairIKjS3_EEEC2Ev
 .text._ZNSt4pairIjRN6eradio3tcp10CTcpClientEEC2ERKjS3_
                0x000000000040289e       0x2a build/GTest/GNU-Linux-x86/TcpIp/src/CTcpServer.o
                0x000000000040289e                _ZNSt4pairIjRN6eradio3tcp10CTcpClientEEC1ERKjS3_
                0x000000000040289e                _ZNSt4pairIjRN6eradio3tcp10CTcpClientEEC2ERKjS3_
 .text._ZNSt4pairIKjRN6eradio3tcp10CTcpClientEEC2IjS4_EERKS_IT_T0_E
                0x00000000004028c8       0x2a build/GTest/GNU-Linux-x86/TcpIp/src/CTcpServer.o
                0x00000000004028c8                _ZNSt4pairIKjRN6eradio3tcp10CTcpClientEEC2IjS4_EERKS_IT_T0_E
                0x00000000004028c8                _ZNSt4pairIKjRN6eradio3tcp10CTcpClientEEC1IjS4_EERKS_IT_T0_E
 .text._ZNSt3mapIjRN6eradio3tcp10CTcpClientENS1_11SClientCompESaISt4pairIKjS3_EEE6insertERKS7_
                0x00000000004028f2       0x48 build/GTest/GNU-Linux-x86/TcpIp/src/CTcpServer.o
                0x00000000004028f2                _ZNSt3mapIjRN6eradio3tcp10CTcpClientENS1_11SClientCompESaISt4pairIKjS3_EEE6insertERKS7_
 .text._ZNSt3mapIjRN6eradio3tcp10CTcpClientENS1_11SClientCompESaISt4pairIKjS3_EEE4findERS6_
                0x000000000040293a       0x25 build/GTest/GNU-Linux-x86/TcpIp/src/CTcpServer.o
                0x000000000040293a                _ZNSt3mapIjRN6eradio3tcp10CTcpClientENS1_11SClientCompESaISt4pairIKjS3_EEE4findERS6_
 *fill*         0x000000000040295f        0x1 90909090
 .text._ZNSt3mapIjRN6eradio3tcp10CTcpClientENS1_11SClientCompESaISt4pairIKjS3_EEE3endEv
                0x0000000000402960       0x1a build/GTest/GNU-Linux-x86/TcpIp/src/CTcpServer.o
                0x0000000000402960                _ZNSt3mapIjRN6eradio3tcp10CTcpClientENS1_11SClientCompESaISt4pairIKjS3_EEE3endEv
 .text._ZNKSt17_Rb_tree_iteratorISt4pairIKjRN6eradio3tcp10CTcpClientEEEneERKS7_
                0x000000000040297a       0x22 build/GTest/GNU-Linux-x86/TcpIp/src/CTcpServer.o
                0x000000000040297a                _ZNKSt17_Rb_tree_iteratorISt4pairIKjRN6eradio3tcp10CTcpClientEEEneERKS7_
 .text._ZNSt3mapIjRN6eradio3tcp10CTcpClientENS1_11SClientCompESaISt4pairIKjS3_EEE2atERS6_
                0x000000000040299c       0xb5 build/GTest/GNU-Linux-x86/TcpIp/src/CTcpServer.o
                0x000000000040299c                _ZNSt3mapIjRN6eradio3tcp10CTcpClientENS1_11SClientCompESaISt4pairIKjS3_EEE2atERS6_
 *fill*         0x0000000000402a51        0x1 90909090
 .text._ZNSt3mapIjRN6eradio3tcp10CTcpClientENS1_11SClientCompESaISt4pairIKjS3_EEE5eraseESt17_Rb_tree_iteratorIS7_E
                0x0000000000402a52       0x25 build/GTest/GNU-Linux-x86/TcpIp/src/CTcpServer.o
                0x0000000000402a52                _ZNSt3mapIjRN6eradio3tcp10CTcpClientENS1_11SClientCompESaISt4pairIKjS3_EEE5eraseESt17_Rb_tree_iteratorIS7_E
 *fill*         0x0000000000402a77        0x1 90909090
 .text._ZNSt8_Rb_treeIjSt4pairIKjRN6eradio3tcp10CTcpClientEESt10_Select1stIS6_ENS3_11SClientCompESaIS6_EE13_Rb_tree_implIS9_Lb1EED2Ev
                0x0000000000402a78       0x1a build/GTest/GNU-Linux-x86/TcpIp/src/CTcpServer.o
                0x0000000000402a78                _ZNSt8_Rb_treeIjSt4pairIKjRN6eradio3tcp10CTcpClientEESt10_Select1stIS6_ENS3_11SClientCompESaIS6_EE13_Rb_tree_implIS9_Lb1EED1Ev
                0x0000000000402a78                _ZNSt8_Rb_treeIjSt4pairIKjRN6eradio3tcp10CTcpClientEESt10_Select1stIS6_ENS3_11SClientCompESaIS6_EE13_Rb_tree_implIS9_Lb1EED2Ev
 .text._ZNSt8_Rb_treeIjSt4pairIKjRN6eradio3tcp10CTcpClientEESt10_Select1stIS6_ENS3_11SClientCompESaIS6_EEC2Ev
                0x0000000000402a92       0x1a build/GTest/GNU-Linux-x86/TcpIp/src/CTcpServer.o
                0x0000000000402a92                _ZNSt8_Rb_treeIjSt4pairIKjRN6eradio3tcp10CTcpClientEESt10_Select1stIS6_ENS3_11SClientCompESaIS6_EEC2Ev
                0x0000000000402a92                _ZNSt8_Rb_treeIjSt4pairIKjRN6eradio3tcp10CTcpClientEESt10_Select1stIS6_ENS3_11SClientCompESaIS6_EEC1Ev
 .text._ZNSt8_Rb_treeIjSt4pairIKjRN6eradio3tcp10CTcpClientEESt10_Select1stIS6_ENS3_11SClientCompESaIS6_EED2Ev
                0x0000000000402aac       0x58 build/GTest/GNU-Linux-x86/TcpIp/src/CTcpServer.o
                0x0000000000402aac                _ZNSt8_Rb_treeIjSt4pairIKjRN6eradio3tcp10CTcpClientEESt10_Select1stIS6_ENS3_11SClientCompESaIS6_EED1Ev
                0x0000000000402aac                _ZNSt8_Rb_treeIjSt4pairIKjRN6eradio3tcp10CTcpClientEESt10_Select1stIS6_ENS3_11SClientCompESaIS6_EED2Ev
 .text._ZNSt8_Rb_treeIjSt4pairIKjRN6eradio3tcp10CTcpClientEESt10_Select1stIS6_ENS3_11SClientCompESaIS6_EE16_M_insert_uniqueERKS6_
                0x0000000000402b04      0x241 build/GTest/GNU-Linux-x86/TcpIp/src/CTcpServer.o
                0x0000000000402b04                _ZNSt8_Rb_treeIjSt4pairIKjRN6eradio3tcp10CTcpClientEESt10_Select1stIS6_ENS3_11SClientCompESaIS6_EE16_M_insert_uniqueERKS6_
 *fill*         0x0000000000402d45        0x1 90909090
 .text._ZNSt8_Rb_treeIjSt4pairIKjRN6eradio3tcp10CTcpClientEESt10_Select1stIS6_ENS3_11SClientCompESaIS6_EE4findERS1_
                0x0000000000402d46       0xaf build/GTest/GNU-Linux-x86/TcpIp/src/CTcpServer.o
                0x0000000000402d46                _ZNSt8_Rb_treeIjSt4pairIKjRN6eradio3tcp10CTcpClientEESt10_Select1stIS6_ENS3_11SClientCompESaIS6_EE4findERS1_
 *fill*         0x0000000000402df5        0x1 90909090
 .text._ZNSt8_Rb_treeIjSt4pairIKjRN6eradio3tcp10CTcpClientEESt10_Select1stIS6_ENS3_11SClientCompESaIS6_EE3endEv
                0x0000000000402df6       0x29 build/GTest/GNU-Linux-x86/TcpIp/src/CTcpServer.o
                0x0000000000402df6                _ZNSt8_Rb_treeIjSt4pairIKjRN6eradio3tcp10CTcpClientEESt10_Select1stIS6_ENS3_11SClientCompESaIS6_EE3endEv
 *fill*         0x0000000000402e1f        0x1 90909090
 .text._ZNSt3mapIjRN6eradio3tcp10CTcpClientENS1_11SClientCompESaISt4pairIKjS3_EEE11lower_boundERS6_
                0x0000000000402e20       0x25 build/GTest/GNU-Linux-x86/TcpIp/src/CTcpServer.o
                0x0000000000402e20                _ZNSt3mapIjRN6eradio3tcp10CTcpClientENS1_11SClientCompESaISt4pairIKjS3_EEE11lower_boundERS6_
 *fill*         0x0000000000402e45        0x1 90909090
 .text._ZNKSt3mapIjRN6eradio3tcp10CTcpClientENS1_11SClientCompESaISt4pairIKjS3_EEE8key_compEv
                0x0000000000402e46       0x22 build/GTest/GNU-Linux-x86/TcpIp/src/CTcpServer.o
                0x0000000000402e46                _ZNKSt3mapIjRN6eradio3tcp10CTcpClientENS1_11SClientCompESaISt4pairIKjS3_EEE8key_compEv
 .text._ZNKSt17_Rb_tree_iteratorISt4pairIKjRN6eradio3tcp10CTcpClientEEEdeEv
                0x0000000000402e68       0x15 build/GTest/GNU-Linux-x86/TcpIp/src/CTcpServer.o
                0x0000000000402e68                _ZNKSt17_Rb_tree_iteratorISt4pairIKjRN6eradio3tcp10CTcpClientEEEdeEv
 *fill*         0x0000000000402e7d        0x1 90909090
 .text._ZNKSt17_Rb_tree_iteratorISt4pairIKjRN6eradio3tcp10CTcpClientEEEeqERKS7_
                0x0000000000402e7e       0x22 build/GTest/GNU-Linux-x86/TcpIp/src/CTcpServer.o
                0x0000000000402e7e                _ZNKSt17_Rb_tree_iteratorISt4pairIKjRN6eradio3tcp10CTcpClientEEEeqERKS7_
 .text._ZNSt8_Rb_treeIjSt4pairIKjRN6eradio3tcp10CTcpClientEESt10_Select1stIS6_ENS3_11SClientCompESaIS6_EE5eraseESt17_Rb_tree_iteratorIS6_E
                0x0000000000402ea0       0x38 build/GTest/GNU-Linux-x86/TcpIp/src/CTcpServer.o
                0x0000000000402ea0                _ZNSt8_Rb_treeIjSt4pairIKjRN6eradio3tcp10CTcpClientEESt10_Select1stIS6_ENS3_11SClientCompESaIS6_EE5eraseESt17_Rb_tree_iteratorIS6_E
 .text._ZNSt8_Rb_treeIjSt4pairIKjRN6eradio3tcp10CTcpClientEESt10_Select1stIS6_ENS3_11SClientCompESaIS6_EE13_Rb_tree_implIS9_Lb1EEC2Ev
                0x0000000000402ed8       0x61 build/GTest/GNU-Linux-x86/TcpIp/src/CTcpServer.o
                0x0000000000402ed8                _ZNSt8_Rb_treeIjSt4pairIKjRN6eradio3tcp10CTcpClientEESt10_Select1stIS6_ENS3_11SClientCompESaIS6_EE13_Rb_tree_implIS9_Lb1EEC2Ev
                0x0000000000402ed8                _ZNSt8_Rb_treeIjSt4pairIKjRN6eradio3tcp10CTcpClientEESt10_Select1stIS6_ENS3_11SClientCompESaIS6_EE13_Rb_tree_implIS9_Lb1EEC1Ev
 *fill*         0x0000000000402f39        0x1 90909090
 .text._ZNSaISt13_Rb_tree_nodeISt4pairIKjRN6eradio3tcp10CTcpClientEEEED2Ev
                0x0000000000402f3a       0x1a build/GTest/GNU-Linux-x86/TcpIp/src/CTcpServer.o
                0x0000000000402f3a                _ZNSaISt13_Rb_tree_nodeISt4pairIKjRN6eradio3tcp10CTcpClientEEEED2Ev
                0x0000000000402f3a                _ZNSaISt13_Rb_tree_nodeISt4pairIKjRN6eradio3tcp10CTcpClientEEEED1Ev
 .text._ZNSt8_Rb_treeIjSt4pairIKjRN6eradio3tcp10CTcpClientEESt10_Select1stIS6_ENS3_11SClientCompESaIS6_EE8_M_eraseEPSt13_Rb_tree_nodeIS6_E
                0x0000000000402f54       0x69 build/GTest/GNU-Linux-x86/TcpIp/src/CTcpServer.o
                0x0000000000402f54                _ZNSt8_Rb_treeIjSt4pairIKjRN6eradio3tcp10CTcpClientEESt10_Select1stIS6_ENS3_11SClientCompESaIS6_EE8_M_eraseEPSt13_Rb_tree_nodeIS6_E
 *fill*         0x0000000000402fbd        0x1 90909090
 .text._ZNSt8_Rb_treeIjSt4pairIKjRN6eradio3tcp10CTcpClientEESt10_Select1stIS6_ENS3_11SClientCompESaIS6_EE8_M_beginEv
                0x0000000000402fbe       0x12 build/GTest/GNU-Linux-x86/TcpIp/src/CTcpServer.o
                0x0000000000402fbe                _ZNSt8_Rb_treeIjSt4pairIKjRN6eradio3tcp10CTcpClientEESt10_Select1stIS6_ENS3_11SClientCompESaIS6_EE8_M_beginEv
 .text._ZNSt8_Rb_treeIjSt4pairIKjRN6eradio3tcp10CTcpClientEESt10_Select1stIS6_ENS3_11SClientCompESaIS6_EE6_M_endEv
                0x0000000000402fd0       0x12 build/GTest/GNU-Linux-x86/TcpIp/src/CTcpServer.o
                0x0000000000402fd0                _ZNSt8_Rb_treeIjSt4pairIKjRN6eradio3tcp10CTcpClientEESt10_Select1stIS6_ENS3_11SClientCompESaIS6_EE6_M_endEv
 .text._ZNKSt10_Select1stISt4pairIKjRN6eradio3tcp10CTcpClientEEEclERKS6_
                0x0000000000402fe2       0x12 build/GTest/GNU-Linux-x86/TcpIp/src/CTcpServer.o
                0x0000000000402fe2                _ZNKSt10_Select1stISt4pairIKjRN6eradio3tcp10CTcpClientEEEclERKS6_
 .text._ZNSt8_Rb_treeIjSt4pairIKjRN6eradio3tcp10CTcpClientEESt10_Select1stIS6_ENS3_11SClientCompESaIS6_EE6_S_keyEPKSt13_Rb_tree_nodeIS6_E
                0x0000000000402ff4       0x2c build/GTest/GNU-Linux-x86/TcpIp/src/CTcpServer.o
                0x0000000000402ff4                _ZNSt8_Rb_treeIjSt4pairIKjRN6eradio3tcp10CTcpClientEESt10_Select1stIS6_ENS3_11SClientCompESaIS6_EE6_S_keyEPKSt13_Rb_tree_nodeIS6_E
 .text._ZNSt8_Rb_treeIjSt4pairIKjRN6eradio3tcp10CTcpClientEESt10_Select1stIS6_ENS3_11SClientCompESaIS6_EE8_S_rightEPSt18_Rb_tree_node_base
                0x0000000000403020       0x12 build/GTest/GNU-Linux-x86/TcpIp/src/CTcpServer.o
                0x0000000000403020                _ZNSt8_Rb_treeIjSt4pairIKjRN6eradio3tcp10CTcpClientEESt10_Select1stIS6_ENS3_11SClientCompESaIS6_EE8_S_rightEPSt18_Rb_tree_node_base
 .text._ZNSt8_Rb_treeIjSt4pairIKjRN6eradio3tcp10CTcpClientEESt10_Select1stIS6_ENS3_11SClientCompESaIS6_EE7_S_leftEPSt18_Rb_tree_node_base
                0x0000000000403032       0x12 build/GTest/GNU-Linux-x86/TcpIp/src/CTcpServer.o
                0x0000000000403032                _ZNSt8_Rb_treeIjSt4pairIKjRN6eradio3tcp10CTcpClientEESt10_Select1stIS6_ENS3_11SClientCompESaIS6_EE7_S_leftEPSt18_Rb_tree_node_base
 .text._ZNSt17_Rb_tree_iteratorISt4pairIKjRN6eradio3tcp10CTcpClientEEEC2EPSt13_Rb_tree_nodeIS6_E
                0x0000000000403044       0x19 build/GTest/GNU-Linux-x86/TcpIp/src/CTcpServer.o
                0x0000000000403044                _ZNSt17_Rb_tree_iteratorISt4pairIKjRN6eradio3tcp10CTcpClientEEEC1EPSt13_Rb_tree_nodeIS6_E
                0x0000000000403044                _ZNSt17_Rb_tree_iteratorISt4pairIKjRN6eradio3tcp10CTcpClientEEEC2EPSt13_Rb_tree_nodeIS6_E
 *fill*         0x000000000040305d        0x1 90909090
 .text._ZNSt8_Rb_treeIjSt4pairIKjRN6eradio3tcp10CTcpClientEESt10_Select1stIS6_ENS3_11SClientCompESaIS6_EE5beginEv
                0x000000000040305e       0x29 build/GTest/GNU-Linux-x86/TcpIp/src/CTcpServer.o
                0x000000000040305e                _ZNSt8_Rb_treeIjSt4pairIKjRN6eradio3tcp10CTcpClientEESt10_Select1stIS6_ENS3_11SClientCompESaIS6_EE5beginEv
 *fill*         0x0000000000403087        0x1 90909090
 .text._ZNSt8_Rb_treeIjSt4pairIKjRN6eradio3tcp10CTcpClientEESt10_Select1stIS6_ENS3_11SClientCompESaIS6_EE10_M_insert_EPKSt18_Rb_tree_node_baseSE_RKS6_
                0x0000000000403088       0xe0 build/GTest/GNU-Linux-x86/TcpIp/src/CTcpServer.o
                0x0000000000403088                _ZNSt8_Rb_treeIjSt4pairIKjRN6eradio3tcp10CTcpClientEESt10_Select1stIS6_ENS3_11SClientCompESaIS6_EE10_M_insert_EPKSt18_Rb_tree_node_baseSE_RKS6_
 .text._ZNSt4pairISt17_Rb_tree_iteratorIS_IKjRN6eradio3tcp10CTcpClientEEEbEC2ERKS7_RKb
                0x0000000000403168       0x2e build/GTest/GNU-Linux-x86/TcpIp/src/CTcpServer.o
                0x0000000000403168                _ZNSt4pairISt17_Rb_tree_iteratorIS_IKjRN6eradio3tcp10CTcpClientEEEbEC1ERKS7_RKb
                0x0000000000403168                _ZNSt4pairISt17_Rb_tree_iteratorIS_IKjRN6eradio3tcp10CTcpClientEEEbEC2ERKS7_RKb
 .text._ZNSt17_Rb_tree_iteratorISt4pairIKjRN6eradio3tcp10CTcpClientEEEmmEv
                0x0000000000403196       0x28 build/GTest/GNU-Linux-x86/TcpIp/src/CTcpServer.o
                0x0000000000403196                _ZNSt17_Rb_tree_iteratorISt4pairIKjRN6eradio3tcp10CTcpClientEEEmmEv
 .text._ZNSt8_Rb_treeIjSt4pairIKjRN6eradio3tcp10CTcpClientEESt10_Select1stIS6_ENS3_11SClientCompESaIS6_EE6_S_keyEPKSt18_Rb_tree_node_base
                0x00000000004031be       0x2c build/GTest/GNU-Linux-x86/TcpIp/src/CTcpServer.o
                0x00000000004031be                _ZNSt8_Rb_treeIjSt4pairIKjRN6eradio3tcp10CTcpClientEESt10_Select1stIS6_ENS3_11SClientCompESaIS6_EE6_S_keyEPKSt18_Rb_tree_node_base
 .text._ZNSt8_Rb_treeIjSt4pairIKjRN6eradio3tcp10CTcpClientEESt10_Select1stIS6_ENS3_11SClientCompESaIS6_EE14_M_lower_boundEPSt13_Rb_tree_nodeIS6_ESE_RS1_
                0x00000000004031ea       0x92 build/GTest/GNU-Linux-x86/TcpIp/src/CTcpServer.o
                0x00000000004031ea                _ZNSt8_Rb_treeIjSt4pairIKjRN6eradio3tcp10CTcpClientEESt10_Select1stIS6_ENS3_11SClientCompESaIS6_EE14_M_lower_boundEPSt13_Rb_tree_nodeIS6_ESE_RS1_
 .text._ZNSt8_Rb_treeIjSt4pairIKjRN6eradio3tcp10CTcpClientEESt10_Select1stIS6_ENS3_11SClientCompESaIS6_EE11lower_boundERS1_
                0x000000000040327c       0x4c build/GTest/GNU-Linux-x86/TcpIp/src/CTcpServer.o
                0x000000000040327c                _ZNSt8_Rb_treeIjSt4pairIKjRN6eradio3tcp10CTcpClientEESt10_Select1stIS6_ENS3_11SClientCompESaIS6_EE11lower_boundERS1_
 .text._ZNKSt8_Rb_treeIjSt4pairIKjRN6eradio3tcp10CTcpClientEESt10_Select1stIS6_ENS3_11SClientCompESaIS6_EE8key_compEv
                0x00000000004032c8        0xa build/GTest/GNU-Linux-x86/TcpIp/src/CTcpServer.o
                0x00000000004032c8                _ZNKSt8_Rb_treeIjSt4pairIKjRN6eradio3tcp10CTcpClientEESt10_Select1stIS6_ENS3_11SClientCompESaIS6_EE8key_compEv
 .text._ZNSt23_Rb_tree_const_iteratorISt4pairIKjRN6eradio3tcp10CTcpClientEEEC2ERKSt17_Rb_tree_iteratorIS6_E
                0x00000000004032d2       0x1c build/GTest/GNU-Linux-x86/TcpIp/src/CTcpServer.o
                0x00000000004032d2                _ZNSt23_Rb_tree_const_iteratorISt4pairIKjRN6eradio3tcp10CTcpClientEEEC2ERKSt17_Rb_tree_iteratorIS6_E
                0x00000000004032d2                _ZNSt23_Rb_tree_const_iteratorISt4pairIKjRN6eradio3tcp10CTcpClientEEEC1ERKSt17_Rb_tree_iteratorIS6_E
 .text._ZNSt8_Rb_treeIjSt4pairIKjRN6eradio3tcp10CTcpClientEESt10_Select1stIS6_ENS3_11SClientCompESaIS6_EE12_M_erase_auxESt23_Rb_tree_const_iteratorIS6_E
                0x00000000004032ee       0x54 build/GTest/GNU-Linux-x86/TcpIp/src/CTcpServer.o
                0x00000000004032ee                _ZNSt8_Rb_treeIjSt4pairIKjRN6eradio3tcp10CTcpClientEESt10_Select1stIS6_ENS3_11SClientCompESaIS6_EE12_M_erase_auxESt23_Rb_tree_const_iteratorIS6_E
 .text._ZNSaISt13_Rb_tree_nodeISt4pairIKjRN6eradio3tcp10CTcpClientEEEEC2Ev
                0x0000000000403342       0x1a build/GTest/GNU-Linux-x86/TcpIp/src/CTcpServer.o
                0x0000000000403342                _ZNSaISt13_Rb_tree_nodeISt4pairIKjRN6eradio3tcp10CTcpClientEEEEC1Ev
                0x0000000000403342                _ZNSaISt13_Rb_tree_nodeISt4pairIKjRN6eradio3tcp10CTcpClientEEEEC2Ev
 .text._ZNSt8_Rb_treeIjSt4pairIKjRN6eradio3tcp10CTcpClientEESt10_Select1stIS6_ENS3_11SClientCompESaIS6_EE13_Rb_tree_implIS9_Lb1EE13_M_initializeEv
                0x000000000040335c       0x41 build/GTest/GNU-Linux-x86/TcpIp/src/CTcpServer.o
                0x000000000040335c                _ZNSt8_Rb_treeIjSt4pairIKjRN6eradio3tcp10CTcpClientEESt10_Select1stIS6_ENS3_11SClientCompESaIS6_EE13_Rb_tree_implIS9_Lb1EE13_M_initializeEv
 *fill*         0x000000000040339d        0x1 90909090
 .text._ZN9__gnu_cxx13new_allocatorISt13_Rb_tree_nodeISt4pairIKjRN6eradio3tcp10CTcpClientEEEED2Ev
                0x000000000040339e        0xa build/GTest/GNU-Linux-x86/TcpIp/src/CTcpServer.o
                0x000000000040339e                _ZN9__gnu_cxx13new_allocatorISt13_Rb_tree_nodeISt4pairIKjRN6eradio3tcp10CTcpClientEEEED1Ev
                0x000000000040339e                _ZN9__gnu_cxx13new_allocatorISt13_Rb_tree_nodeISt4pairIKjRN6eradio3tcp10CTcpClientEEEED2Ev
 .text._ZNSt8_Rb_treeIjSt4pairIKjRN6eradio3tcp10CTcpClientEESt10_Select1stIS6_ENS3_11SClientCompESaIS6_EE15_M_destroy_nodeEPSt13_Rb_tree_nodeIS6_E
                0x00000000004033a8       0x6c build/GTest/GNU-Linux-x86/TcpIp/src/CTcpServer.o
                0x00000000004033a8                _ZNSt8_Rb_treeIjSt4pairIKjRN6eradio3tcp10CTcpClientEESt10_Select1stIS6_ENS3_11SClientCompESaIS6_EE15_M_destroy_nodeEPSt13_Rb_tree_nodeIS6_E
 .text._ZNSt8_Rb_treeIjSt4pairIKjRN6eradio3tcp10CTcpClientEESt10_Select1stIS6_ENS3_11SClientCompESaIS6_EE8_S_valueEPKSt13_Rb_tree_nodeIS6_E
                0x0000000000403414       0x12 build/GTest/GNU-Linux-x86/TcpIp/src/CTcpServer.o
                0x0000000000403414                _ZNSt8_Rb_treeIjSt4pairIKjRN6eradio3tcp10CTcpClientEESt10_Select1stIS6_ENS3_11SClientCompESaIS6_EE8_S_valueEPKSt13_Rb_tree_nodeIS6_E
 .text._ZNSt8_Rb_treeIjSt4pairIKjRN6eradio3tcp10CTcpClientEESt10_Select1stIS6_ENS3_11SClientCompESaIS6_EE14_M_create_nodeERKS6_
                0x0000000000403426       0xa4 build/GTest/GNU-Linux-x86/TcpIp/src/CTcpServer.o
                0x0000000000403426                _ZNSt8_Rb_treeIjSt4pairIKjRN6eradio3tcp10CTcpClientEESt10_Select1stIS6_ENS3_11SClientCompESaIS6_EE14_M_create_nodeERKS6_
 .text._ZNSt8_Rb_treeIjSt4pairIKjRN6eradio3tcp10CTcpClientEESt10_Select1stIS6_ENS3_11SClientCompESaIS6_EE8_S_valueEPKSt18_Rb_tree_node_base
                0x00000000004034ca       0x12 build/GTest/GNU-Linux-x86/TcpIp/src/CTcpServer.o
                0x00000000004034ca                _ZNSt8_Rb_treeIjSt4pairIKjRN6eradio3tcp10CTcpClientEESt10_Select1stIS6_ENS3_11SClientCompESaIS6_EE8_S_valueEPKSt18_Rb_tree_node_base
 .text._ZN9__gnu_cxx13new_allocatorISt13_Rb_tree_nodeISt4pairIKjRN6eradio3tcp10CTcpClientEEEEC2Ev
                0x00000000004034dc        0xa build/GTest/GNU-Linux-x86/TcpIp/src/CTcpServer.o
                0x00000000004034dc                _ZN9__gnu_cxx13new_allocatorISt13_Rb_tree_nodeISt4pairIKjRN6eradio3tcp10CTcpClientEEEEC1Ev
                0x00000000004034dc                _ZN9__gnu_cxx13new_allocatorISt13_Rb_tree_nodeISt4pairIKjRN6eradio3tcp10CTcpClientEEEEC2Ev
 .text._ZNKSt8_Rb_treeIjSt4pairIKjRN6eradio3tcp10CTcpClientEESt10_Select1stIS6_ENS3_11SClientCompESaIS6_EE13get_allocatorEv
                0x00000000004034e6       0x34 build/GTest/GNU-Linux-x86/TcpIp/src/CTcpServer.o
                0x00000000004034e6                _ZNKSt8_Rb_treeIjSt4pairIKjRN6eradio3tcp10CTcpClientEESt10_Select1stIS6_ENS3_11SClientCompESaIS6_EE13get_allocatorEv
 .text._ZNSaISt4pairIKjRN6eradio3tcp10CTcpClientEEED2Ev
                0x000000000040351a       0x1a build/GTest/GNU-Linux-x86/TcpIp/src/CTcpServer.o
                0x000000000040351a                _ZNSaISt4pairIKjRN6eradio3tcp10CTcpClientEEED2Ev
                0x000000000040351a                _ZNSaISt4pairIKjRN6eradio3tcp10CTcpClientEEED1Ev
 .text._ZSt11__addressofISt4pairIKjRN6eradio3tcp10CTcpClientEEEPT_RS7_
                0x0000000000403534        0xe build/GTest/GNU-Linux-x86/TcpIp/src/CTcpServer.o
                0x0000000000403534                _ZSt11__addressofISt4pairIKjRN6eradio3tcp10CTcpClientEEEPT_RS7_
 .text._ZNSt4pairIKjRN6eradio3tcp10CTcpClientEED2Ev
                0x0000000000403542        0xa build/GTest/GNU-Linux-x86/TcpIp/src/CTcpServer.o
                0x0000000000403542                _ZNSt4pairIKjRN6eradio3tcp10CTcpClientEED2Ev
                0x0000000000403542                _ZNSt4pairIKjRN6eradio3tcp10CTcpClientEED1Ev
 .text._ZN9__gnu_cxx13new_allocatorISt4pairIKjRN6eradio3tcp10CTcpClientEEE7destroyEPS7_
                0x000000000040354c       0x1e build/GTest/GNU-Linux-x86/TcpIp/src/CTcpServer.o
                0x000000000040354c                _ZN9__gnu_cxx13new_allocatorISt4pairIKjRN6eradio3tcp10CTcpClientEEE7destroyEPS7_
 .text._ZNSt8_Rb_treeIjSt4pairIKjRN6eradio3tcp10CTcpClientEESt10_Select1stIS6_ENS3_11SClientCompESaIS6_EE11_M_put_nodeEPSt13_Rb_tree_nodeIS6_E
                0x000000000040356a       0x2a build/GTest/GNU-Linux-x86/TcpIp/src/CTcpServer.o
                0x000000000040356a                _ZNSt8_Rb_treeIjSt4pairIKjRN6eradio3tcp10CTcpClientEESt10_Select1stIS6_ENS3_11SClientCompESaIS6_EE11_M_put_nodeEPSt13_Rb_tree_nodeIS6_E
 .text._ZNSt8_Rb_treeIjSt4pairIKjRN6eradio3tcp10CTcpClientEESt10_Select1stIS6_ENS3_11SClientCompESaIS6_EE11_M_get_nodeEv
                0x0000000000403594       0x24 build/GTest/GNU-Linux-x86/TcpIp/src/CTcpServer.o
                0x0000000000403594                _ZNSt8_Rb_treeIjSt4pairIKjRN6eradio3tcp10CTcpClientEESt10_Select1stIS6_ENS3_11SClientCompESaIS6_EE11_M_get_nodeEv
 .text._ZN9__gnu_cxx13new_allocatorISt4pairIKjRN6eradio3tcp10CTcpClientEEE9constructEPS7_RKS7_
                0x00000000004035b8       0x3e build/GTest/GNU-Linux-x86/TcpIp/src/CTcpServer.o
                0x00000000004035b8                _ZN9__gnu_cxx13new_allocatorISt4pairIKjRN6eradio3tcp10CTcpClientEEE9constructEPS7_RKS7_
 .text._ZNKSt8_Rb_treeIjSt4pairIKjRN6eradio3tcp10CTcpClientEESt10_Select1stIS6_ENS3_11SClientCompESaIS6_EE21_M_get_Node_allocatorEv
                0x00000000004035f6        0xe build/GTest/GNU-Linux-x86/TcpIp/src/CTcpServer.o
                0x00000000004035f6                _ZNKSt8_Rb_treeIjSt4pairIKjRN6eradio3tcp10CTcpClientEESt10_Select1stIS6_ENS3_11SClientCompESaIS6_EE21_M_get_Node_allocatorEv
 .text._ZNSaISt4pairIKjRN6eradio3tcp10CTcpClientEEEC2ISt13_Rb_tree_nodeIS5_EEERKSaIT_E
                0x0000000000403604       0x1e build/GTest/GNU-Linux-x86/TcpIp/src/CTcpServer.o
                0x0000000000403604                _ZNSaISt4pairIKjRN6eradio3tcp10CTcpClientEEEC2ISt13_Rb_tree_nodeIS5_EEERKSaIT_E
                0x0000000000403604                _ZNSaISt4pairIKjRN6eradio3tcp10CTcpClientEEEC1ISt13_Rb_tree_nodeIS5_EEERKSaIT_E
 .text._ZN9__gnu_cxx13new_allocatorISt4pairIKjRN6eradio3tcp10CTcpClientEEED2Ev
                0x0000000000403622        0xa build/GTest/GNU-Linux-x86/TcpIp/src/CTcpServer.o
                0x0000000000403622                _ZN9__gnu_cxx13new_allocatorISt4pairIKjRN6eradio3tcp10CTcpClientEEED1Ev
                0x0000000000403622                _ZN9__gnu_cxx13new_allocatorISt4pairIKjRN6eradio3tcp10CTcpClientEEED2Ev
 .text._ZN9__gnu_cxx13new_allocatorISt13_Rb_tree_nodeISt4pairIKjRN6eradio3tcp10CTcpClientEEEE10deallocateEPS9_m
                0x000000000040362c       0x22 build/GTest/GNU-Linux-x86/TcpIp/src/CTcpServer.o
                0x000000000040362c                _ZN9__gnu_cxx13new_allocatorISt13_Rb_tree_nodeISt4pairIKjRN6eradio3tcp10CTcpClientEEEE10deallocateEPS9_m
 .text._ZN9__gnu_cxx13new_allocatorISt13_Rb_tree_nodeISt4pairIKjRN6eradio3tcp10CTcpClientEEEE8allocateEmPKv
                0x000000000040364e       0x4b build/GTest/GNU-Linux-x86/TcpIp/src/CTcpServer.o
                0x000000000040364e                _ZN9__gnu_cxx13new_allocatorISt13_Rb_tree_nodeISt4pairIKjRN6eradio3tcp10CTcpClientEEEE8allocateEmPKv
 *fill*         0x0000000000403699        0x1 90909090
 .text._ZN9__gnu_cxx13new_allocatorISt4pairIKjRN6eradio3tcp10CTcpClientEEEC2Ev
                0x000000000040369a        0xa build/GTest/GNU-Linux-x86/TcpIp/src/CTcpServer.o
                0x000000000040369a                _ZN9__gnu_cxx13new_allocatorISt4pairIKjRN6eradio3tcp10CTcpClientEEEC1Ev
                0x000000000040369a                _ZN9__gnu_cxx13new_allocatorISt4pairIKjRN6eradio3tcp10CTcpClientEEEC2Ev
 .text._ZNK9__gnu_cxx13new_allocatorISt13_Rb_tree_nodeISt4pairIKjRN6eradio3tcp10CTcpClientEEEE8max_sizeEv
                0x00000000004036a4       0x14 build/GTest/GNU-Linux-x86/TcpIp/src/CTcpServer.o
                0x00000000004036a4                _ZNK9__gnu_cxx13new_allocatorISt13_Rb_tree_nodeISt4pairIKjRN6eradio3tcp10CTcpClientEEEE8max_sizeEv
 .text._ZNSt3mapIjRN6eradio3tcp10CTcpClientENS1_11SClientCompESaISt4pairIKjS3_EEED2Ev
                0x00000000004036b8       0x1a build/GTest/GNU-Linux-x86/TcpIp/src/CTcpServer.o
                0x00000000004036b8                _ZNSt3mapIjRN6eradio3tcp10CTcpClientENS1_11SClientCompESaISt4pairIKjS3_EEED2Ev
                0x00000000004036b8                _ZNSt3mapIjRN6eradio3tcp10CTcpClientENS1_11SClientCompESaISt4pairIKjS3_EEED1Ev
 *fill*         0x00000000004036d2        0x2 90909090
 .text          0x00000000004036d4       0xd2 build/GTest/GNU-Linux-x86/Http/src/CHttpClient.o
                0x00000000004036d4                _ZN6eradio11CHttpClientC1EPKcRNS_3tcp10CTcpServerE
                0x00000000004036d4                _ZN6eradio11CHttpClientC2EPKcRNS_3tcp10CTcpServerE
                0x0000000000403742                _ZN6eradio11CHttpClientD1Ev
                0x0000000000403742                _ZN6eradio11CHttpClientD2Ev
                0x0000000000403780                _ZN6eradio11CHttpClientD0Ev
 *fill*         0x00000000004037a6        0x2 90909090
 .text          0x00000000004037a8       0xae build/GTest/GNU-Linux-x86/Audio/src/CAudioHw.o
                0x00000000004037a8                _ZN6eradio5audio8CAudioHwC1Ev
                0x00000000004037a8                _ZN6eradio5audio8CAudioHwC2Ev
                0x00000000004037fe                _ZN6eradio5audio8CAudioHwD2Ev
                0x00000000004037fe                _ZN6eradio5audio8CAudioHwD1Ev
                0x0000000000403830                _ZN6eradio5audio8CAudioHwD0Ev
 *fill*         0x0000000000403856        0x2 90909090
 .text          0x0000000000403858      0x178 build/GTest/GNU-Linux-x86/DataReceiver/src/CDataReceiver.o
                0x0000000000403858                _ZN6eradio13CDataReceiverC2ERNS_3tcp10CTcpServerEN5boost12shared_arrayIjEEj
                0x0000000000403858                _ZN6eradio13CDataReceiverC1ERNS_3tcp10CTcpServerEN5boost12shared_arrayIjEEj
                0x0000000000403928                _ZN6eradio13CDataReceiver7ReceiveEPjj
                0x000000000040393a                _ZN6eradio13CDataReceiverD2Ev
                0x000000000040393a                _ZN6eradio13CDataReceiverD1Ev
                0x00000000004039aa                _ZN6eradio13CDataReceiverD0Ev
 .text._ZN6eradio3tcp10CTcpClientC2Ev
                0x00000000004039d0       0x15 build/GTest/GNU-Linux-x86/DataReceiver/src/CDataReceiver.o
                0x00000000004039d0                _ZN6eradio3tcp10CTcpClientC2Ev
                0x00000000004039d0                _ZN6eradio3tcp10CTcpClientC1Ev
 *fill*         0x00000000004039e5        0x3 90909090
 .text          0x00000000004039e8       0x9c build/GTest/GNU-Linux-x86/TcpIp/src/CTcpClient.o
                0x00000000004039e8                _ZN6eradio3tcp10CTcpClientC2EPKcj
                0x00000000004039e8                _ZN6eradio3tcp10CTcpClientC1EPKcj
                0x0000000000403a1a                _ZN6eradio3tcp10CTcpClient4sendEPjj
                0x0000000000403a2c                _ZN6eradio3tcp10CTcpClientD2Ev
                0x0000000000403a2c                _ZN6eradio3tcp10CTcpClientD1Ev
                0x0000000000403a5e                _ZN6eradio3tcp10CTcpClientD0Ev
 .text          0x0000000000403a84      0x371 build/GTest/GNU-Linux-x86/RadioProtocols/File/src/COggContainer.o
                0x0000000000403a84                _ZN6eradio13COggContainerC1ERSi
                0x0000000000403a84                _ZN6eradio13COggContainerC2ERSi
                0x0000000000403b20                _ZN6eradio13COggContainer10GetPayloadEPci
                0x0000000000403c00                _ZN6eradio13COggContainer9ReadInputEv
                0x0000000000403c60                _ZN6eradio13COggContainer7GetPageEv
                0x0000000000403d32                _ZN6eradio13COggContainer9GetPacketEv
                0x0000000000403d76                _ZN6eradio13COggContainerD1Ev
                0x0000000000403d76                _ZN6eradio13COggContainerD2Ev
 *fill*         0x0000000000403df5        0x1 90909090
 .text._ZN6eradio13COggContainer18GetBytesFromPacketEP14oggpack_bufferPci
                0x0000000000403df6       0x4f build/GTest/GNU-Linux-x86/RadioProtocols/File/src/COggContainer.o
                0x0000000000403df6                _ZN6eradio13COggContainer18GetBytesFromPacketEP14oggpack_bufferPci
 *fill*         0x0000000000403e45        0x3 90909090
 .text          0x0000000000403e48       0xa4 build/GTest/GNU-Linux-x86/Audio/src/CAudioHwNotConfigured.o
                0x0000000000403e48                _ZN6eradio5audio21CAudioHwNotConfiguredC1Ev
                0x0000000000403e48                _ZN6eradio5audio21CAudioHwNotConfiguredC2Ev
                0x0000000000403e6e                _ZN6eradio5audio21CAudioHwNotConfigured9ConfigureEv
                0x0000000000403e78                _ZN6eradio5audio21CAudioHwNotConfigured4PlayEPjj
                0x0000000000403e8a                _ZN6eradio5audio21CAudioHwNotConfigured11DeconfigureEv
                0x0000000000403e94                _ZN6eradio5audio21CAudioHwNotConfiguredD2Ev
                0x0000000000403e94                _ZN6eradio5audio21CAudioHwNotConfiguredD1Ev
                0x0000000000403ec6                _ZN6eradio5audio21CAudioHwNotConfiguredD0Ev
 .text._ZN6eradio5audio13IAudioHwStateC2Ev
                0x0000000000403eec       0x15 build/GTest/GNU-Linux-x86/Audio/src/CAudioHwNotConfigured.o
                0x0000000000403eec                _ZN6eradio5audio13IAudioHwStateC2Ev
                0x0000000000403eec                _ZN6eradio5audio13IAudioHwStateC1Ev
 *fill*         0x0000000000403f01        0xf 90909090
 .text          0x0000000000403f10       0x92 /usr/lib/x86_64-linux-gnu/libc_nonshared.a(elf-init.oS)
                0x0000000000403f10                __libc_csu_init
                0x0000000000403fa0                __libc_csu_fini
 *fill*         0x0000000000403fa2        0xe 90909090
 .text          0x0000000000403fb0       0x36 /usr/lib/gcc/x86_64-linux-gnu/4.6/crtend.o
 *fill*         0x0000000000403fe6        0x2 90909090
 .text          0x0000000000403fe8        0x0 /usr/lib/gcc/x86_64-linux-gnu/4.6/../../../x86_64-linux-gnu/crtn.o
 *(.gnu.warning)

.fini           0x0000000000403fe8        0xe
 *(.fini)
 .fini          0x0000000000403fe8        0x4 /usr/lib/gcc/x86_64-linux-gnu/4.6/../../../x86_64-linux-gnu/crti.o
                0x0000000000403fe8                _fini
 .fini          0x0000000000403fec        0x5 /usr/lib/gcc/x86_64-linux-gnu/4.6/crtbegin.o
 .fini          0x0000000000403ff1        0x5 /usr/lib/gcc/x86_64-linux-gnu/4.6/../../../x86_64-linux-gnu/crtn.o
                0x0000000000403ff6                PROVIDE (__etext, .)
                0x0000000000403ff6                PROVIDE (_etext, .)
                0x0000000000403ff6                PROVIDE (etext, .)

.rodata         0x0000000000404000      0x6e0
 *(.rodata .rodata.* .gnu.linkonce.r.*)
 .rodata.cst4   0x0000000000404000        0x4 /usr/lib/gcc/x86_64-linux-gnu/4.6/../../../x86_64-linux-gnu/crt1.o
                0x0000000000404000                _IO_stdin_used
 *fill*         0x0000000000404004       0x1c 00
 .rodata._ZTVN6eradio5audio9CAudioOutE
                0x0000000000404020       0x20 build/GTest/GNU-Linux-x86/Audio/src/CAudioOut.o
                0x0000000000404020                _ZTVN6eradio5audio9CAudioOutE
 .rodata._ZTIN6eradio5audio9CAudioOutE
                0x0000000000404040       0x10 build/GTest/GNU-Linux-x86/Audio/src/CAudioOut.o
                0x0000000000404040                _ZTIN6eradio5audio9CAudioOutE
 .rodata._ZTSN6eradio5audio9CAudioOutE
                0x0000000000404050       0x1a build/GTest/GNU-Linux-x86/Audio/src/CAudioOut.o
                0x0000000000404050                _ZTSN6eradio5audio9CAudioOutE
 .rodata        0x000000000040406a       0x3f build/GTest/GNU-Linux-x86/RadioProtocols/File/src/CFileStrategy.o
 *fill*         0x00000000004040a9       0x17 00
 .rodata._ZTVN6eradio13CFileStrategyE
                0x00000000004040c0       0x40 build/GTest/GNU-Linux-x86/RadioProtocols/File/src/CFileStrategy.o
                0x00000000004040c0                _ZTVN6eradio13CFileStrategyE
 .rodata._ZTVN6eradio5audio13CAudioDecoderINS0_11SOggDecoderEEE
                0x0000000000404100       0x28 build/GTest/GNU-Linux-x86/RadioProtocols/File/src/CFileStrategy.o
                0x0000000000404100                _ZTVN6eradio5audio13CAudioDecoderINS0_11SOggDecoderEEE
 *fill*         0x0000000000404128       0x18 00
 .rodata._ZTVN6eradio14IRadioStrategyE
                0x0000000000404140       0x40 build/GTest/GNU-Linux-x86/RadioProtocols/File/src/CFileStrategy.o
                0x0000000000404140                _ZTVN6eradio14IRadioStrategyE
 .rodata._ZTVN6eradio5audio13IAudioDecoderE
                0x0000000000404180       0x28 build/GTest/GNU-Linux-x86/RadioProtocols/File/src/CFileStrategy.o
                0x0000000000404180                _ZTVN6eradio5audio13IAudioDecoderE
 *fill*         0x00000000004041a8       0x18 00
 .rodata._ZTSN6eradio5audio13CAudioDecoderINS0_11SOggDecoderEEE
                0x00000000004041c0       0x33 build/GTest/GNU-Linux-x86/RadioProtocols/File/src/CFileStrategy.o
                0x00000000004041c0                _ZTSN6eradio5audio13CAudioDecoderINS0_11SOggDecoderEEE
 *fill*         0x00000000004041f3        0xd 00
 .rodata._ZTIN6eradio5audio13CAudioDecoderINS0_11SOggDecoderEEE
                0x0000000000404200       0x18 build/GTest/GNU-Linux-x86/RadioProtocols/File/src/CFileStrategy.o
                0x0000000000404200                _ZTIN6eradio5audio13CAudioDecoderINS0_11SOggDecoderEEE
 *fill*         0x0000000000404218        0x8 00
 .rodata._ZTIN6eradio13CFileStrategyE
                0x0000000000404220       0x18 build/GTest/GNU-Linux-x86/RadioProtocols/File/src/CFileStrategy.o
                0x0000000000404220                _ZTIN6eradio13CFileStrategyE
 *fill*         0x0000000000404238        0x8 00
 .rodata._ZTSN6eradio13CFileStrategyE
                0x0000000000404240       0x19 build/GTest/GNU-Linux-x86/RadioProtocols/File/src/CFileStrategy.o
                0x0000000000404240                _ZTSN6eradio13CFileStrategyE
 *fill*         0x0000000000404259        0x7 00
 .rodata._ZTSN6eradio14IRadioStrategyE
                0x0000000000404260       0x1a build/GTest/GNU-Linux-x86/RadioProtocols/File/src/CFileStrategy.o
                0x0000000000404260                _ZTSN6eradio14IRadioStrategyE
 *fill*         0x000000000040427a        0x6 00
 .rodata._ZTIN6eradio14IRadioStrategyE
                0x0000000000404280       0x10 build/GTest/GNU-Linux-x86/RadioProtocols/File/src/CFileStrategy.o
                0x0000000000404280                _ZTIN6eradio14IRadioStrategyE
 .rodata._ZTSN6eradio5audio13IAudioDecoderE
                0x0000000000404290       0x1f build/GTest/GNU-Linux-x86/RadioProtocols/File/src/CFileStrategy.o
                0x0000000000404290                _ZTSN6eradio5audio13IAudioDecoderE
 *fill*         0x00000000004042af        0x1 00
 .rodata._ZTIN6eradio5audio13IAudioDecoderE
                0x00000000004042b0       0x10 build/GTest/GNU-Linux-x86/RadioProtocols/File/src/CFileStrategy.o
                0x00000000004042b0                _ZTIN6eradio5audio13IAudioDecoderE
 .rodata        0x00000000004042c0       0x86 build/GTest/GNU-Linux-x86/main.o
 *fill*         0x0000000000404346       0x1a 00
 .rodata._ZTVN6eradio18CShoutcastStrategyE
                0x0000000000404360       0x40 build/GTest/GNU-Linux-x86/RadioProtocols/Shoutcast/src/CShoutcastStrategy.o
                0x0000000000404360                _ZTVN6eradio18CShoutcastStrategyE
 .rodata._ZTIN6eradio18CShoutcastStrategyE
                0x00000000004043a0       0x18 build/GTest/GNU-Linux-x86/RadioProtocols/Shoutcast/src/CShoutcastStrategy.o
                0x00000000004043a0                _ZTIN6eradio18CShoutcastStrategyE
 *fill*         0x00000000004043b8        0x8 00
 .rodata._ZTSN6eradio18CShoutcastStrategyE
                0x00000000004043c0       0x1e build/GTest/GNU-Linux-x86/RadioProtocols/Shoutcast/src/CShoutcastStrategy.o
                0x00000000004043c0                _ZTSN6eradio18CShoutcastStrategyE
 .rodata        0x00000000004043de        0x8 build/GTest/GNU-Linux-x86/TcpIp/src/CTcpServer.o
 *fill*         0x00000000004043e6       0x1a 00
 .rodata._ZTVN6eradio11CHttpClientE
                0x0000000000404400       0x28 build/GTest/GNU-Linux-x86/Http/src/CHttpClient.o
                0x0000000000404400                _ZTVN6eradio11CHttpClientE
 *fill*         0x0000000000404428        0x8 00
 .rodata._ZTIN6eradio11CHttpClientE
                0x0000000000404430       0x18 build/GTest/GNU-Linux-x86/Http/src/CHttpClient.o
                0x0000000000404430                _ZTIN6eradio11CHttpClientE
 *fill*         0x0000000000404448        0x8 00
 .rodata._ZTSN6eradio11CHttpClientE
                0x0000000000404450       0x17 build/GTest/GNU-Linux-x86/Http/src/CHttpClient.o
                0x0000000000404450                _ZTSN6eradio11CHttpClientE
 *fill*         0x0000000000404467        0x1 00
 .rodata        0x0000000000404468        0x4 build/GTest/GNU-Linux-x86/Http/src/CHttpClient.o
 *fill*         0x000000000040446c       0x14 00
 .rodata._ZTVN6eradio5audio8CAudioHwE
                0x0000000000404480       0x20 build/GTest/GNU-Linux-x86/Audio/src/CAudioHw.o
                0x0000000000404480                _ZTVN6eradio5audio8CAudioHwE
 .rodata._ZTIN6eradio5audio8CAudioHwE
                0x00000000004044a0       0x10 build/GTest/GNU-Linux-x86/Audio/src/CAudioHw.o
                0x00000000004044a0                _ZTIN6eradio5audio8CAudioHwE
 .rodata._ZTSN6eradio5audio8CAudioHwE
                0x00000000004044b0       0x19 build/GTest/GNU-Linux-x86/Audio/src/CAudioHw.o
                0x00000000004044b0                _ZTSN6eradio5audio8CAudioHwE
 *fill*         0x00000000004044c9       0x17 00
 .rodata._ZTVN6eradio13CDataReceiverE
                0x00000000004044e0       0x28 build/GTest/GNU-Linux-x86/DataReceiver/src/CDataReceiver.o
                0x00000000004044e0                _ZTVN6eradio13CDataReceiverE
 *fill*         0x0000000000404508        0x8 00
 .rodata._ZTIN6eradio13CDataReceiverE
                0x0000000000404510       0x18 build/GTest/GNU-Linux-x86/DataReceiver/src/CDataReceiver.o
                0x0000000000404510                _ZTIN6eradio13CDataReceiverE
 *fill*         0x0000000000404528        0x8 00
 .rodata._ZTSN6eradio13CDataReceiverE
                0x0000000000404530       0x19 build/GTest/GNU-Linux-x86/DataReceiver/src/CDataReceiver.o
                0x0000000000404530                _ZTSN6eradio13CDataReceiverE
 *fill*         0x0000000000404549       0x17 00
 .rodata._ZTVN6eradio3tcp10CTcpClientE
                0x0000000000404560       0x28 build/GTest/GNU-Linux-x86/TcpIp/src/CTcpClient.o
                0x0000000000404560                _ZTVN6eradio3tcp10CTcpClientE
 *fill*         0x0000000000404588        0x8 00
 .rodata._ZTIN6eradio3tcp10CTcpClientE
                0x0000000000404590       0x10 build/GTest/GNU-Linux-x86/TcpIp/src/CTcpClient.o
                0x0000000000404590                _ZTIN6eradio3tcp10CTcpClientE
 .rodata._ZTSN6eradio3tcp10CTcpClientE
                0x00000000004045a0       0x1a build/GTest/GNU-Linux-x86/TcpIp/src/CTcpClient.o
                0x00000000004045a0                _ZTSN6eradio3tcp10CTcpClientE
 .rodata        0x00000000004045ba       0x1b build/GTest/GNU-Linux-x86/RadioProtocols/File/src/COggContainer.o
 *fill*         0x00000000004045d5        0xb 00
 .rodata._ZTVN6eradio5audio21CAudioHwNotConfiguredE
                0x00000000004045e0       0x38 build/GTest/GNU-Linux-x86/Audio/src/CAudioHwNotConfigured.o
                0x00000000004045e0                _ZTVN6eradio5audio21CAudioHwNotConfiguredE
 *fill*         0x0000000000404618        0x8 00
 .rodata._ZTVN6eradio5audio13IAudioHwStateE
                0x0000000000404620       0x28 build/GTest/GNU-Linux-x86/Audio/src/CAudioHwNotConfigured.o
                0x0000000000404620                _ZTVN6eradio5audio13IAudioHwStateE
 *fill*         0x0000000000404648        0x8 00
 .rodata._ZTIN6eradio5audio21CAudioHwNotConfiguredE
                0x0000000000404650       0x18 build/GTest/GNU-Linux-x86/Audio/src/CAudioHwNotConfigured.o
                0x0000000000404650                _ZTIN6eradio5audio21CAudioHwNotConfiguredE
 *fill*         0x0000000000404668       0x18 00
 .rodata._ZTSN6eradio5audio21CAudioHwNotConfiguredE
                0x0000000000404680       0x27 build/GTest/GNU-Linux-x86/Audio/src/CAudioHwNotConfigured.o
                0x0000000000404680                _ZTSN6eradio5audio21CAudioHwNotConfiguredE
 *fill*         0x00000000004046a7        0x9 00
 .rodata._ZTSN6eradio5audio13IAudioHwStateE
                0x00000000004046b0       0x1f build/GTest/GNU-Linux-x86/Audio/src/CAudioHwNotConfigured.o
                0x00000000004046b0                _ZTSN6eradio5audio13IAudioHwStateE
 *fill*         0x00000000004046cf        0x1 00
 .rodata._ZTIN6eradio5audio13IAudioHwStateE
                0x00000000004046d0       0x10 build/GTest/GNU-Linux-x86/Audio/src/CAudioHwNotConfigured.o
                0x00000000004046d0                _ZTIN6eradio5audio13IAudioHwStateE

.rodata1
 *(.rodata1)

.eh_frame_hdr   0x00000000004046e0      0x52c
 *(.eh_frame_hdr)
 .eh_frame_hdr  0x00000000004046e0      0x52c /usr/lib/gcc/x86_64-linux-gnu/4.6/../../../x86_64-linux-gnu/crt1.o

.eh_frame       0x0000000000404c10     0x1554
 *(.eh_frame)
 .eh_frame      0x0000000000404c10       0x40 /usr/lib/gcc/x86_64-linux-gnu/4.6/../../../x86_64-linux-gnu/crt1.o
 .eh_frame      0x0000000000404c50      0x270 build/GTest/GNU-Linux-x86/Audio/src/CAudioOut.o
                                        0x288 (size before relaxing)
 .eh_frame      0x0000000000404ec0      0x418 build/GTest/GNU-Linux-x86/RadioProtocols/File/src/CFileStrategy.o
                                        0x4f0 (size before relaxing)
 .eh_frame      0x00000000004052d8       0x68 build/GTest/GNU-Linux-x86/main.o
                                         0xa0 (size before relaxing)
 .eh_frame      0x0000000000405340       0xa0 build/GTest/GNU-Linux-x86/RadioProtocols/Shoutcast/src/CShoutcastStrategy.o
                                        0x1e0 (size before relaxing)
 .eh_frame      0x00000000004053e0      0x938 build/GTest/GNU-Linux-x86/TcpIp/src/CTcpServer.o
                                        0x960 (size before relaxing)
 .eh_frame      0x0000000000405d18       0x68 build/GTest/GNU-Linux-x86/Http/src/CHttpClient.o
                                         0xa0 (size before relaxing)
 .eh_frame      0x0000000000405d80       0x70 build/GTest/GNU-Linux-x86/Audio/src/CAudioHw.o
                                         0xa8 (size before relaxing)
 .eh_frame      0x0000000000405df0       0xb0 build/GTest/GNU-Linux-x86/DataReceiver/src/CDataReceiver.o
                                        0x1c8 (size before relaxing)
 .eh_frame      0x0000000000405ea0       0x80 build/GTest/GNU-Linux-x86/TcpIp/src/CTcpClient.o
                                         0x98 (size before relaxing)
 .eh_frame      0x0000000000405f20      0x120 build/GTest/GNU-Linux-x86/RadioProtocols/File/src/COggContainer.o
                                        0x138 (size before relaxing)
 .eh_frame      0x0000000000406040       0xe0 build/GTest/GNU-Linux-x86/Audio/src/CAudioHwNotConfigured.o
                                         0xf8 (size before relaxing)
 .eh_frame      0x0000000000406120       0x40 /usr/lib/x86_64-linux-gnu/libc_nonshared.a(elf-init.oS)
                                         0x58 (size before relaxing)
 .eh_frame      0x0000000000406160        0x4 /usr/lib/gcc/x86_64-linux-gnu/4.6/crtend.o

.gcc_except_table
                0x0000000000406164      0x166
 *(.gcc_except_table .gcc_except_table.*)
 .gcc_except_table
                0x0000000000406164       0x2b build/GTest/GNU-Linux-x86/Audio/src/CAudioOut.o
 .gcc_except_table
                0x000000000040618f       0x81 build/GTest/GNU-Linux-x86/RadioProtocols/File/src/CFileStrategy.o
 .gcc_except_table
                0x0000000000406210       0x2d build/GTest/GNU-Linux-x86/main.o
 .gcc_except_table
                0x000000000040623d       0x10 build/GTest/GNU-Linux-x86/RadioProtocols/Shoutcast/src/CShoutcastStrategy.o
 *fill*         0x000000000040624d        0x3 00
 .gcc_except_table
                0x0000000000406250       0x2c build/GTest/GNU-Linux-x86/TcpIp/src/CTcpServer.o
 .gcc_except_table
                0x000000000040627c       0x10 build/GTest/GNU-Linux-x86/Http/src/CHttpClient.o
 .gcc_except_table
                0x000000000040628c       0x10 build/GTest/GNU-Linux-x86/Audio/src/CAudioHw.o
 .gcc_except_table
                0x000000000040629c       0x2e build/GTest/GNU-Linux-x86/DataReceiver/src/CDataReceiver.o

.exception_ranges
 *(.exception_ranges .exception_ranges*)
                0x00000000004062ca                . = (ALIGN (0x200000) - ((0x200000 - .) & 0x1fffff))
                0x0000000000606da2                . = DATA_SEGMENT_ALIGN (0x200000, 0x1000)

.eh_frame
 *(.eh_frame)

.gcc_except_table
 *(.gcc_except_table .gcc_except_table.*)

.exception_ranges
 *(.exception_ranges .exception_ranges*)

.tdata
 *(.tdata .tdata.* .gnu.linkonce.td.*)

.tbss
 *(.tbss .tbss.* .gnu.linkonce.tb.*)
 *(.tcommon)

.preinit_array  0x0000000000606da2        0x0
                0x0000000000606da2                PROVIDE (__preinit_array_start, .)
 *(.preinit_array)
                0x0000000000606da2                PROVIDE (__preinit_array_end, .)

.init_array     0x0000000000606da8       0x30
                0x0000000000606da8                PROVIDE (__init_array_start, .)
 *(SORT(.init_array.*) SORT(.ctors.*))
 *(.init_array)
 *(EXCLUDE_FILE(*crtend?.o *crtend.o *crtbegin?.o *crtbegin.o) .ctors)
 .ctors         0x0000000000606da8        0x8 build/GTest/GNU-Linux-x86/Audio/src/CAudioOut.o
 .ctors         0x0000000000606db0        0x8 build/GTest/GNU-Linux-x86/RadioProtocols/File/src/CFileStrategy.o
 .ctors         0x0000000000606db8        0x8 build/GTest/GNU-Linux-x86/main.o
 .ctors         0x0000000000606dc0        0x8 build/GTest/GNU-Linux-x86/RadioProtocols/Shoutcast/src/CShoutcastStrategy.o
 .ctors         0x0000000000606dc8        0x8 build/GTest/GNU-Linux-x86/TcpIp/src/CTcpServer.o
 .ctors         0x0000000000606dd0        0x8 build/GTest/GNU-Linux-x86/RadioProtocols/File/src/COggContainer.o
                0x0000000000606dd8                PROVIDE (__init_array_end, .)

.fini_array     0x0000000000606dd8        0x0
                0x0000000000606dd8                PROVIDE (__fini_array_start, .)
 *(SORT(.fini_array.*) SORT(.dtors.*))
 *(.fini_array)
 *(EXCLUDE_FILE(*crtend?.o *crtend.o *crtbegin?.o *crtbegin.o) .dtors)
                0x0000000000606dd8                PROVIDE (__fini_array_end, .)

.ctors          0x0000000000606dd8       0x10
 *crtbegin.o(.ctors)
 .ctors         0x0000000000606dd8        0x8 /usr/lib/gcc/x86_64-linux-gnu/4.6/crtbegin.o
 *crtbegin?.o(.ctors)
 *(EXCLUDE_FILE(*crtend?.o *crtend.o) .ctors)
 *(SORT(.ctors.*))
 *(.ctors)
 .ctors         0x0000000000606de0        0x8 /usr/lib/gcc/x86_64-linux-gnu/4.6/crtend.o

.dtors          0x0000000000606de8       0x10
 *crtbegin.o(.dtors)
 .dtors         0x0000000000606de8        0x8 /usr/lib/gcc/x86_64-linux-gnu/4.6/crtbegin.o
 *crtbegin?.o(.dtors)
 *(EXCLUDE_FILE(*crtend?.o *crtend.o) .dtors)
 *(SORT(.dtors.*))
 *(.dtors)
 .dtors         0x0000000000606df0        0x8 /usr/lib/gcc/x86_64-linux-gnu/4.6/crtend.o
                0x0000000000606df0                __DTOR_END__

.jcr            0x0000000000606df8        0x8
 *(.jcr)
 .jcr           0x0000000000606df8        0x0 /usr/lib/gcc/x86_64-linux-gnu/4.6/crtbegin.o
 .jcr           0x0000000000606df8        0x8 /usr/lib/gcc/x86_64-linux-gnu/4.6/crtend.o

.data.rel.ro
 *(.data.rel.ro.local* .gnu.linkonce.d.rel.ro.local.*)
 *(.data.rel.ro* .gnu.linkonce.d.rel.ro.*)

.dynamic        0x0000000000606e00      0x1e0
 *(.dynamic)
 .dynamic       0x0000000000606e00      0x1e0 /usr/lib/gcc/x86_64-linux-gnu/4.6/../../../x86_64-linux-gnu/crt1.o
                0x0000000000606e00                _DYNAMIC

.got            0x0000000000606fe0        0x8
 *(.got)
 .got           0x0000000000606fe0        0x8 /usr/lib/gcc/x86_64-linux-gnu/4.6/../../../x86_64-linux-gnu/crt1.o
 *(.igot)
                0x0000000000606fe8                . = DATA_SEGMENT_RELRO_END (., 0x18)

.got.plt        0x0000000000606fe8      0x178
 *(.got.plt)
 .got.plt       0x0000000000606fe8      0x178 /usr/lib/gcc/x86_64-linux-gnu/4.6/../../../x86_64-linux-gnu/crt1.o
                0x0000000000606fe8                _GLOBAL_OFFSET_TABLE_
 *(.igot.plt)
 .igot.plt      0x0000000000000000        0x0 /usr/lib/gcc/x86_64-linux-gnu/4.6/../../../x86_64-linux-gnu/crt1.o

.data           0x0000000000607160       0x10
 *(.data .data.* .gnu.linkonce.d.*)
 .data          0x0000000000607160        0x4 /usr/lib/gcc/x86_64-linux-gnu/4.6/../../../x86_64-linux-gnu/crt1.o
                0x0000000000607160                data_start
                0x0000000000607160                __data_start
 .data          0x0000000000607164        0x0 /usr/lib/gcc/x86_64-linux-gnu/4.6/../../../x86_64-linux-gnu/crti.o
 *fill*         0x0000000000607164        0x4 00
 .data          0x0000000000607168        0x8 /usr/lib/gcc/x86_64-linux-gnu/4.6/crtbegin.o
                0x0000000000607168                __dso_handle
 .data          0x0000000000607170        0x0 build/GTest/GNU-Linux-x86/Audio/src/CAudioOut.o
 .data          0x0000000000607170        0x0 build/GTest/GNU-Linux-x86/RadioProtocols/File/src/CFileStrategy.o
 .data          0x0000000000607170        0x0 build/GTest/GNU-Linux-x86/main.o
 .data          0x0000000000607170        0x0 build/GTest/GNU-Linux-x86/RadioProtocols/Shoutcast/src/CShoutcastStrategy.o
 .data          0x0000000000607170        0x0 build/GTest/GNU-Linux-x86/TcpIp/src/CTcpServer.o
 .data          0x0000000000607170        0x0 build/GTest/GNU-Linux-x86/Http/src/CHttpClient.o
 .data          0x0000000000607170        0x0 build/GTest/GNU-Linux-x86/Audio/src/CAudioHw.o
 .data          0x0000000000607170        0x0 build/GTest/GNU-Linux-x86/DataReceiver/src/CDataReceiver.o
 .data          0x0000000000607170        0x0 build/GTest/GNU-Linux-x86/TcpIp/src/CTcpClient.o
 .data          0x0000000000607170        0x0 build/GTest/GNU-Linux-x86/RadioProtocols/File/src/COggContainer.o
 .data          0x0000000000607170        0x0 build/GTest/GNU-Linux-x86/Audio/src/CAudioHwNotConfigured.o
 .data          0x0000000000607170        0x0 /usr/lib/x86_64-linux-gnu/libc_nonshared.a(elf-init.oS)
 .data          0x0000000000607170        0x0 /usr/lib/gcc/x86_64-linux-gnu/4.6/crtend.o
 .data          0x0000000000607170        0x0 /usr/lib/gcc/x86_64-linux-gnu/4.6/../../../x86_64-linux-gnu/crtn.o

.data1
 *(.data1)
                0x0000000000607170                _edata = .
                0x0000000000607170                PROVIDE (edata, .)
                0x0000000000607170                __bss_start = .
